<html>
<body>
<pre>
<h1>µVision Build Log</h1>
<h2>Tool Versions:</h2>
IDE-Version: ¦ÌVision V5.14.0.0
Copyright (C) 2015 ARM Ltd and ARM Germany GmbH. All rights reserved.
License Information: p 15, 256, LIC=V85GK-ZPNQZ-RFKIZ-J3EAZ-34TU3-8ESMB
 
Tool Versions:
Toolchain:       MDK-ARM Professional  Version: 5.14.0.0
Toolchain Path:  D:\mdk5\ARM\ARMCC\Bin
C Compiler:      Armcc.exe V5.05 update 1 (build 106)
Assembler:       Armasm.exe V5.05 update 1 (build 106)
Linker/Locator:  ArmLink.exe V5.05 update 1 (build 106)
Library Manager: ArmAr.exe V5.05 update 1 (build 106)
Hex Converter:   FromElf.exe V5.05 update 1 (build 106)
CPU DLL:         SARMCM3.DLL V5.14.0.0
Dialog DLL:      DCM.DLL V1.13.1.0
Target DLL:      STLink\ST-LINKIII-KEIL_SWO.dll V2.0.14.0_KEIL
Dialog DLL:      TCM.DLL V1.14.4.0
 
<h2>Project:</h2>
E:\studying\test\electronic\oscilloscope\USER\TOUCH.uvprojx
Project File Date:  04/09/2018

<h2>Output:</h2>
Build target 'Target 1'
compiling Data_manage.c...
..\SYSTEM\Data_manage\Data_manage.h(10): warning:  #1-D: last line of file ends without a newline
  #endif
..\SYSTEM\Data_manage\Data_manage.c(12): warning:  #767-D: conversion from pointer to smaller integer
                        *cur=(uint16_t)(*tem+*(tem+1)+*(tem+2)+(tem+3)+*(tem+4))/5;
..\SYSTEM\Data_manage\Data_manage.c: 2 warnings, 0 errors
linking...
Program Size: Code=43450 RO-data=7518 RW-data=516 ZI-data=4852  
FromELF: creating hex file...
"..\OBJ\TOUCH.axf" - 0 Error(s), 2 Warning(s).

<h2>Collection of Component include folders:</h2>
  E:\studying\test\electronic\oscilloscope\USER\RTE
  D:\mdk5\ARM\PACK\Keil\STM32F1xx_DFP\2.2.0

<h2>Collection of Component Files used:</h2>
</pre>
</body>
</html>
