Component: ARM Compiler 5.05 update 1 (build 106) Tool: armlink [4d0efa]

==============================================================================

Section Cross References

    main.o(i.Inits) refers to delay.o(i.delay_init) for delay_init
    main.o(i.Inits) refers to misc.o(i.NVIC_PriorityGroupConfig) for NVIC_PriorityGroupConfig
    main.o(i.Inits) refers to usart.o(i.uart_init) for uart_init
    main.o(i.Inits) refers to led.o(i.LED_Init) for LED_Init
    main.o(i.Inits) refers to lcd.o(i.LCD_Init) for LCD_Init
    main.o(i.Inits) refers to key.o(i.KEY_Init) for KEY_Init
    main.o(i.Inits) refers to touch.o(.data) for tp_dev
    main.o(i.Mouse_display) refers to lcd.o(i.LCD_Display_Dir) for LCD_Display_Dir
    main.o(i.Mouse_display) refers to touch.o(i.TP_Scan) for TP_Scan
    main.o(i.Mouse_display) refers to lcd.o(i.LCD_Draw_Circle) for LCD_Draw_Circle
    main.o(i.Mouse_display) refers to touch.o(.data) for tp_dev
    main.o(i.main) refers to main.o(i.Inits) for Inits
    main.o(i.main) refers to lcd.o(i.LCD_Clear) for LCD_Clear
    main.o(i.main) refers to main.o(i.Mouse_display) for Mouse_display
    main.o(i.main) refers to gui.o(i.GUI_draw) for GUI_draw
    main.o(i.main) refers to lcd.o(.data) for POINT_COLOR
    system_stm32f10x.o(i.SetSysClock) refers to system_stm32f10x.o(i.SetSysClockTo72) for SetSysClockTo72
    system_stm32f10x.o(i.SystemCoreClockUpdate) refers to system_stm32f10x.o(.data) for SystemCoreClock
    system_stm32f10x.o(i.SystemInit) refers to system_stm32f10x.o(i.SetSysClock) for SetSysClock
    led.o(i.LED_Init) refers to stm32f10x_rcc.o(i.RCC_APB2PeriphClockCmd) for RCC_APB2PeriphClockCmd
    led.o(i.LED_Init) refers to stm32f10x_gpio.o(i.GPIO_Init) for GPIO_Init
    led.o(i.LED_Init) refers to stm32f10x_gpio.o(i.GPIO_SetBits) for GPIO_SetBits
    lcd.o(i.LCD_Clear) refers to lcd.o(i.LCD_SetCursor) for LCD_SetCursor
    lcd.o(i.LCD_Clear) refers to lcd.o(i.LCD_WriteRAM_Prepare) for LCD_WriteRAM_Prepare
    lcd.o(i.LCD_Clear) refers to lcd.o(.bss) for lcddev
    lcd.o(i.LCD_Color_Fill) refers to lcd.o(i.LCD_SetCursor) for LCD_SetCursor
    lcd.o(i.LCD_Color_Fill) refers to lcd.o(i.LCD_WriteRAM_Prepare) for LCD_WriteRAM_Prepare
    lcd.o(i.LCD_DisplayOff) refers to lcd.o(i.LCD_WR_REG) for LCD_WR_REG
    lcd.o(i.LCD_DisplayOff) refers to lcd.o(i.LCD_WriteReg) for LCD_WriteReg
    lcd.o(i.LCD_DisplayOff) refers to lcd.o(.bss) for lcddev
    lcd.o(i.LCD_DisplayOn) refers to lcd.o(i.LCD_WR_REG) for LCD_WR_REG
    lcd.o(i.LCD_DisplayOn) refers to lcd.o(i.LCD_WriteReg) for LCD_WriteReg
    lcd.o(i.LCD_DisplayOn) refers to lcd.o(.bss) for lcddev
    lcd.o(i.LCD_Display_Dir) refers to lcd.o(i.LCD_Scan_Dir) for LCD_Scan_Dir
    lcd.o(i.LCD_Display_Dir) refers to lcd.o(.bss) for lcddev
    lcd.o(i.LCD_DrawLine) refers to lcd.o(i.LCD_DrawPoint) for LCD_DrawPoint
    lcd.o(i.LCD_DrawPoint) refers to lcd.o(i.LCD_SetCursor) for LCD_SetCursor
    lcd.o(i.LCD_DrawPoint) refers to lcd.o(i.LCD_WriteRAM_Prepare) for LCD_WriteRAM_Prepare
    lcd.o(i.LCD_DrawPoint) refers to lcd.o(.data) for POINT_COLOR
    lcd.o(i.LCD_DrawRectangle) refers to lcd.o(i.LCD_DrawLine) for LCD_DrawLine
    lcd.o(i.LCD_Draw_Circle) refers to lcd.o(i.LCD_DrawPoint) for LCD_DrawPoint
    lcd.o(i.LCD_Fast_DrawPoint) refers to lcd.o(i.LCD_WR_REG) for LCD_WR_REG
    lcd.o(i.LCD_Fast_DrawPoint) refers to lcd.o(i.LCD_WriteReg) for LCD_WriteReg
    lcd.o(i.LCD_Fast_DrawPoint) refers to lcd.o(.bss) for lcddev
    lcd.o(i.LCD_Fill) refers to lcd.o(i.LCD_SetCursor) for LCD_SetCursor
    lcd.o(i.LCD_Fill) refers to lcd.o(i.LCD_WriteRAM_Prepare) for LCD_WriteRAM_Prepare
    lcd.o(i.LCD_Fill) refers to lcd.o(.bss) for lcddev
    lcd.o(i.LCD_Init) refers to _printf_percent.o(.ARM.Collect$$_printf_percent$$00000000) for _printf_percent
    lcd.o(i.LCD_Init) refers to _printf_x.o(.ARM.Collect$$_printf_percent$$0000000C) for _printf_x
    lcd.o(i.LCD_Init) refers to _printf_hex_int.o(.text) for _printf_longlong_hex
    lcd.o(i.LCD_Init) refers to stm32f10x_rcc.o(i.RCC_APB2PeriphClockCmd) for RCC_APB2PeriphClockCmd
    lcd.o(i.LCD_Init) refers to stm32f10x_gpio.o(i.GPIO_PinRemapConfig) for GPIO_PinRemapConfig
    lcd.o(i.LCD_Init) refers to stm32f10x_gpio.o(i.GPIO_Init) for GPIO_Init
    lcd.o(i.LCD_Init) refers to stm32f10x_gpio.o(i.GPIO_SetBits) for GPIO_SetBits
    lcd.o(i.LCD_Init) refers to delay.o(i.delay_ms) for delay_ms
    lcd.o(i.LCD_Init) refers to lcd.o(i.LCD_WriteReg) for LCD_WriteReg
    lcd.o(i.LCD_Init) refers to lcd.o(i.LCD_ReadReg) for LCD_ReadReg
    lcd.o(i.LCD_Init) refers to lcd.o(i.LCD_WR_REG) for LCD_WR_REG
    lcd.o(i.LCD_Init) refers to lcd.o(i.LCD_RD_DATA) for LCD_RD_DATA
    lcd.o(i.LCD_Init) refers to noretval__2printf.o(.text) for __2printf
    lcd.o(i.LCD_Init) refers to lcd.o(i.LCD_WR_DATAX) for LCD_WR_DATAX
    lcd.o(i.LCD_Init) refers to lcd.o(.bss) for lcddev
    lcd.o(i.LCD_Init) refers to delay.o(i.delay_us) for delay_us
[...]
    ..\HARDWARE\TOUCH\ctiic.c                0x00000000   Number         0  ctiic.o ABSOLUTE
    ..\HARDWARE\TOUCH\ft5206.c               0x00000000   Number         0  ft5206.o ABSOLUTE
    ..\HARDWARE\TOUCH\gt9147.c               0x00000000   Number         0  gt9147.o ABSOLUTE
    ..\HARDWARE\TOUCH\ott2001a.c             0x00000000   Number         0  ott2001a.o ABSOLUTE
    ..\HARDWARE\TOUCH\touch.c                0x00000000   Number         0  touch.o ABSOLUTE
    ..\STM32F10x_FWLib\src\misc.c            0x00000000   Number         0  misc.o ABSOLUTE
    ..\STM32F10x_FWLib\src\stm32f10x_gpio.c  0x00000000   Number         0  stm32f10x_gpio.o ABSOLUTE
    ..\STM32F10x_FWLib\src\stm32f10x_rcc.c   0x00000000   Number         0  stm32f10x_rcc.o ABSOLUTE
    ..\STM32F10x_FWLib\src\stm32f10x_usart.c 0x00000000   Number         0  stm32f10x_usart.o ABSOLUTE
    ..\SYSTEM\GUI\GUI.c                      0x00000000   Number         0  gui.o ABSOLUTE
    ..\SYSTEM\delay\delay.c                  0x00000000   Number         0  delay.o ABSOLUTE
    ..\SYSTEM\sys\sys.c                      0x00000000   Number         0  sys.o ABSOLUTE
    ..\SYSTEM\usart\usart.c                  0x00000000   Number         0  usart.o ABSOLUTE
    ..\\CORE\\core_cm3.c                     0x00000000   Number         0  core_cm3.o ABSOLUTE
    ..\\SYSTEM\\sys\\sys.c                   0x00000000   Number         0  sys.o ABSOLUTE
    dc.s                                     0x00000000   Number         0  dc.o ABSOLUTE
    main.c                                   0x00000000   Number         0  main.o ABSOLUTE
    stm32f10x_it.c                           0x00000000   Number         0  stm32f10x_it.o ABSOLUTE
    system_stm32f10x.c                       0x00000000   Number         0  system_stm32f10x.o ABSOLUTE
    RESET                                    0x08000000   Section      304  startup_stm32f10x_hd.o(RESET)
    !!!main                                  0x08000130   Section        8  __main.o(!!!main)
    !!!scatter                               0x08000138   Section       52  __scatter.o(!!!scatter)
    !!handler_copy                           0x0800016c   Section       26  __scatter_copy.o(!!handler_copy)
    !!handler_zi                             0x08000188   Section       28  __scatter_zi.o(!!handler_zi)
    .ARM.Collect$$_printf_percent$$00000000  0x080001a4   Section        0  _printf_percent.o(.ARM.Collect$$_printf_percent$$00000000)
    .ARM.Collect$$_printf_percent$$00000009  0x080001a4   Section        6  _printf_d.o(.ARM.Collect$$_printf_percent$$00000009)
    .ARM.Collect$$_printf_percent$$0000000C  0x080001aa   Section        6  _printf_x.o(.ARM.Collect$$_printf_percent$$0000000C)
    .ARM.Collect$$_printf_percent$$00000014  0x080001b0   Section        6  _printf_s.o(.ARM.Collect$$_printf_percent$$00000014)
    .ARM.Collect$$_printf_percent$$00000017  0x080001b6   Section        4  _printf_percent_end.o(.ARM.Collect$$_printf_percent$$00000017)
    .ARM.Collect$$libinit$$00000000          0x080001ba   Section        2  libinit.o(.ARM.Collect$$libinit$$00000000)
    .ARM.Collect$$libinit$$00000002          0x080001bc   Section        0  libinit2.o(.ARM.Collect$$libinit$$00000002)
    .ARM.Collect$$libinit$$00000004          0x080001bc   Section        0  libinit2.o(.ARM.Collect$$libinit$$00000004)
    .ARM.Collect$$libinit$$0000000A          0x080001bc   Section        0  libinit2.o(.ARM.Collect$$libinit$$0000000A)
    .ARM.Collect$$libinit$$0000000C          0x080001bc   Section        0  libinit2.o(.ARM.Collect$$libinit$$0000000C)
    .ARM.Collect$$libinit$$0000000E          0x080001bc   Section        0  libinit2.o(.ARM.Collect$$libinit$$0000000E)
    .ARM.Collect$$libinit$$00000011          0x080001bc   Section        0  libinit2.o(.ARM.Collect$$libinit$$00000011)
    .ARM.Collect$$libinit$$00000013          0x080001bc   Section        0  libinit2.o(.ARM.Collect$$libinit$$00000013)
    .ARM.Collect$$libinit$$00000015          0x080001bc   Section        0  libinit2.o(.ARM.Collect$$libinit$$00000015)
    .ARM.Collect$$libinit$$00000017          0x080001bc   Section        0  libinit2.o(.ARM.Collect$$libinit$$00000017)
    .ARM.Collect$$libinit$$00000019          0x080001bc   Section        0  libinit2.o(.ARM.Collect$$libinit$$00000019)
    .ARM.Collect$$libinit$$0000001B          0x080001bc   Section        0  libinit2.o(.ARM.Collect$$libinit$$0000001B)
    .ARM.Collect$$libinit$$0000001D          0x080001bc   Section        0  libinit2.o(.ARM.Collect$$libinit$$0000001D)
    .ARM.Collect$$libinit$$0000001F          0x080001bc   Section        0  libinit2.o(.ARM.Collect$$libinit$$0000001F)
    .ARM.Collect$$libinit$$00000021          0x080001bc   Section        0  libinit2.o(.ARM.Collect$$libinit$$00000021)
    .ARM.Collect$$libinit$$00000023          0x080001bc   Section        0  libinit2.o(.ARM.Collect$$libinit$$00000023)
    .ARM.Collect$$libinit$$00000025          0x080001bc   Section        0  libinit2.o(.ARM.Collect$$libinit$$00000025)
    .ARM.Collect$$libinit$$0000002C          0x080001bc   Section        0  libinit2.o(.ARM.Collect$$libinit$$0000002C)
    .ARM.Collect$$libinit$$0000002E          0x080001bc   Section        0  libinit2.o(.ARM.Collect$$libinit$$0000002E)
    .ARM.Collect$$libinit$$00000030          0x080001bc   Section        0  libinit2.o(.ARM.Collect$$libinit$$00000030)
    .ARM.Collect$$libinit$$00000032          0x080001bc   Section        0  libinit2.o(.ARM.Collect$$libinit$$00000032)
    .ARM.Collect$$libinit$$00000033          0x080001bc   Section        2  libinit2.o(.ARM.Collect$$libinit$$00000033)
    .ARM.Collect$$libshutdown$$00000000      0x080001be   Section        2  libshutdown.o(.ARM.Collect$$libshutdown$$00000000)
    .ARM.Collect$$libshutdown$$00000003      0x080001c0   Section        0  libshutdown2.o(.ARM.Collect$$libshutdown$$00000003)
    .ARM.Collect$$libshutdown$$00000006      0x080001c0   Section        0  libshutdown2.o(.ARM.Collect$$libshutdown$$00000006)
    .ARM.Collect$$libshutdown$$00000009      0x080001c0   Section        0  libshutdown2.o(.ARM.Collect$$libshutdown$$00000009)
    .ARM.Collect$$libshutdown$$0000000B      0x080001c0   Section        0  libshutdown2.o(.ARM.Collect$$libshutdown$$0000000B)
    .ARM.Collect$$libshutdown$$0000000E      0x080001c0   Section        0  libshutdown2.o(.ARM.Collect$$libshutdown$$0000000E)
    .ARM.Collect$$libshutdown$$0000000F      0x080001c0   Section        2  libshutdown2.o(.ARM.Collect$$libshutdown$$0000000F)
    .ARM.Collect$$rtentry$$00000000          0x080001c2   Section        0  __rtentry.o(.ARM.Collect$$rtentry$$00000000)
    .ARM.Collect$$rtentry$$00000002          0x080001c2   Section        0  __rtentry2.o(.ARM.Collect$$rtentry$$00000002)
    .ARM.Collect$$rtentry$$00000004          0x080001c2   Section        6  __rtentry4.o(.ARM.Collect$$rtentry$$00000004)
    .ARM.Collect$$rtentry$$00000009          0x080001c8   Section        0  __rtentry2.o(.ARM.Collect$$rtentry$$00000009)
    .ARM.Collect$$rtentry$$0000000A          0x080001c8   Section        4  __rtentry2.o(.ARM.Collect$$rtentry$$0000000A)
    .ARM.Collect$$rtentry$$0000000C          0x080001cc   Section        0  __rtentry2.o(.ARM.Collect$$rtentry$$0000000C)
    .ARM.Collect$$rtentry$$0000000D          0x080001cc   Section        8  __rtentry2.o(.ARM.Collect$$rtentry$$0000000D)
    .ARM.Collect$$rtexit$$00000000           0x080001d4   Section        2  rtexit.o(.ARM.Collect$$rtexit$$00000000)
    .ARM.Collect$$rtexit$$00000002           0x080001d6   Section        0  rtexit2.o(.ARM.Collect$$rtexit$$00000002)
    .ARM.Collect$$rtexit$$00000003           0x080001d6   Section        4  rtexit2.o(.ARM.Collect$$rtexit$$00000003)
    .ARM.Collect$$rtexit$$00000004           0x080001da   Section        6  rtexit2.o(.ARM.Collect$$rtexit$$00000004)
    .text                                    0x080001e0   Section       64  startup_stm32f10x_hd.o(.text)
    .text                                    0x08000220   Section        2  use_no_semi_2.o(.text)
    .text                                    0x08000224   Section        0  noretval__2printf.o(.text)
    .text                                    0x0800023c   Section        0  __printf.o(.text)
    .text                                    0x080002a4   Section        0  _printf_str.o(.text)
    .text                                    0x080002f8   Section        0  _printf_dec.o(.text)
    .text                                    0x08000370   Section        0  _printf_hex_int.o(.text)
    .text                                    0x080003c8   Section      128  strcmpv7m.o(.text)
    .text                                    0x08000448   Section        0  heapauxi.o(.text)
    .text                                    0x0800044e   Section        2  use_no_semi.o(.text)
    .text                                    0x08000450   Section        0  _rserrno.o(.text)
    .text                                    0x08000466   Section        0  _printf_intcommon.o(.text)
    .text                                    0x08000518   Section        0  _printf_char.o(.text)
    .text                                    0x08000544   Section        0  _printf_char_file.o(.text)
    .text                                    0x08000568   Section        8  rt_errno_addr_intlibspace.o(.text)
    .text                                    0x08000570   Section        0  _printf_char_common.o(.text)
    _printf_input_char                       0x08000571   Thumb Code    10  _printf_char_common.o(.text)
    .text                                    0x080005a0   Section        0  ferror.o(.text)
    .text                                    0x080005a8   Section        8  libspace.o(.text)
    .text                                    0x080005b0   Section       74  sys_stackheap_outer.o(.text)
    .text                                    0x080005fa   Section        0  exit.o(.text)
    i.AT24CXX_Init                           0x08000606   Section        0  24cxx.o(i.AT24CXX_Init)
    i.AT24CXX_ReadLenByte                    0x0800060e   Section        0  24cxx.o(i.AT24CXX_ReadLenByte)
    i.AT24CXX_ReadOneByte                    0x0800063a   Section        0  24cxx.o(i.AT24CXX_ReadOneByte)
    i.AT24CXX_WriteLenByte                   0x08000692   Section        0  24cxx.o(i.AT24CXX_WriteLenByte)
    i.AT24CXX_WriteOneByte                   0x080006bc   Section        0  24cxx.o(i.AT24CXX_WriteOneByte)
    i.BusFault_Handler                       0x0800070c   Section        0  stm32f10x_it.o(i.BusFault_Handler)
    i.CT_Delay                               0x08000710   Section        0  ctiic.o(i.CT_Delay)
    i.CT_IIC_Ack                             0x0800071c   Section        0  ctiic.o(i.CT_IIC_Ack)
    i.CT_IIC_Init                            0x08000768   Section        0  ctiic.o(i.CT_IIC_Init)
    i.CT_IIC_NAck                            0x080007b0   Section        0  ctiic.o(i.CT_IIC_NAck)
    i.CT_IIC_Read_Byte                       0x080007fc   Section        0  ctiic.o(i.CT_IIC_Read_Byte)
    i.CT_IIC_Send_Byte                       0x08000864   Section        0  ctiic.o(i.CT_IIC_Send_Byte)
    i.CT_IIC_Start                           0x080008c0   Section        0  ctiic.o(i.CT_IIC_Start)
    i.CT_IIC_Stop                            0x08000908   Section        0  ctiic.o(i.CT_IIC_Stop)
    i.CT_IIC_Wait_Ack                        0x08000950   Section        0  ctiic.o(i.CT_IIC_Wait_Ack)
    i.DebugMon_Handler                       0x080009b4   Section        0  stm32f10x_it.o(i.DebugMon_Handler)
    i.FT5206_Init                            0x080009b8   Section        0  ft5206.o(i.FT5206_Init)
    i.FT5206_RD_Reg                          0x08000aa8   Section        0  ft5206.o(i.FT5206_RD_Reg)
    i.FT5206_Scan                            0x08000b00   Section        0  ft5206.o(i.FT5206_Scan)
    i.FT5206_WR_Reg                          0x08000c9c   Section        0  ft5206.o(i.FT5206_WR_Reg)
    i.GPIO_Init                              0x08000cee   Section        0  stm32f10x_gpio.o(i.GPIO_Init)
    i.GPIO_PinRemapConfig                    0x08000e04   Section        0  stm32f10x_gpio.o(i.GPIO_PinRemapConfig)
    i.GPIO_ResetBits                         0x08000e94   Section        0  stm32f10x_gpio.o(i.GPIO_ResetBits)
    i.GPIO_SetBits                           0x08000e98   Section        0  stm32f10x_gpio.o(i.GPIO_SetBits)
    i.GT9147_Init                            0x08000e9c   Section        0  gt9147.o(i.GT9147_Init)
    i.GT9147_RD_Reg                          0x08000fc4   Section        0  gt9147.o(i.GT9147_RD_Reg)
    i.GT9147_Scan                            0x08001028   Section        0  gt9147.o(i.GT9147_Scan)
    i.GT9147_Send_Cfg                        0x080011cc   Section        0  gt9147.o(i.GT9147_Send_Cfg)
    i.GT9147_WR_Reg                          0x08001228   Section        0  gt9147.o(i.GT9147_WR_Reg)
    i.GUI_draw                               0x08001284   Section        0  gui.o(i.GUI_draw)
    i.HardFault_Handler                      0x0800141c   Section        0  stm32f10x_it.o(i.HardFault_Handler)
    i.IIC_Ack                                0x08001420   Section        0  myiic.o(i.IIC_Ack)
    i.IIC_Init                               0x08001470   Section        0  myiic.o(i.IIC_Init)
    i.IIC_NAck                               0x080014b0   Section        0  myiic.o(i.IIC_NAck)
    i.IIC_Read_Byte                          0x08001500   Section        0  myiic.o(i.IIC_Read_Byte)
    i.IIC_Send_Byte                          0x08001570   Section        0  myiic.o(i.IIC_Send_Byte)
    i.IIC_Start                              0x080015d8   Section        0  myiic.o(i.IIC_Start)
    i.IIC_Stop                               0x08001624   Section        0  myiic.o(i.IIC_Stop)
    i.IIC_Wait_Ack                           0x08001670   Section        0  myiic.o(i.IIC_Wait_Ack)
    i.Inits                                  0x080016d4   Section        0  main.o(i.Inits)
    i.KEY_Init                               0x08001704   Section        0  key.o(i.KEY_Init)
    i.LCD_Clear                              0x08001764   Section        0  lcd.o(i.LCD_Clear)
    i.LCD_Display_Dir                        0x080017ec   Section        0  lcd.o(i.LCD_Display_Dir)
    i.LCD_DrawLine                           0x080019ac   Section        0  lcd.o(i.LCD_DrawLine)
    i.LCD_DrawPoint                          0x08001a5c   Section        0  lcd.o(i.LCD_DrawPoint)
    i.LCD_Draw_Circle                        0x08001a9c   Section        0  lcd.o(i.LCD_Draw_Circle)
    i.LCD_Fast_DrawPoint                     0x08001b34   Section        0  lcd.o(i.LCD_Fast_DrawPoint)
    i.LCD_Init                               0x08001e98   Section        0  lcd.o(i.LCD_Init)
    i.LCD_Pow                                0x08005a54   Section        0  lcd.o(i.LCD_Pow)
    i.LCD_RD_DATA                            0x08005a6c   Section        0  lcd.o(i.LCD_RD_DATA)
    i.LCD_ReadReg                            0x08005adc   Section        0  lcd.o(i.LCD_ReadReg)
    i.LCD_SSD_BackLightSet                   0x08005aec   Section        0  lcd.o(i.LCD_SSD_BackLightSet)
    i.LCD_Scan_Dir                           0x08005bc0   Section        0  lcd.o(i.LCD_Scan_Dir)
    i.LCD_SetCursor                          0x08006018   Section        0  lcd.o(i.LCD_SetCursor)
    i.LCD_ShowChar                           0x080063d4   Section        0  lcd.o(i.LCD_ShowChar)
    i.LCD_ShowNum                            0x080064fc   Section        0  lcd.o(i.LCD_ShowNum)
    i.LCD_ShowString                         0x08006590   Section        0  lcd.o(i.LCD_ShowString)
    i.LCD_WR_DATAX                           0x080065f8   Section        0  lcd.o(i.LCD_WR_DATAX)
    i.LCD_WR_REG                             0x0800661c   Section        0  lcd.o(i.LCD_WR_REG)
    i.LCD_WriteRAM_Prepare                   0x08006640   Section        0  lcd.o(i.LCD_WriteRAM_Prepare)
    i.LCD_WriteReg                           0x08006650   Section        0  lcd.o(i.LCD_WriteReg)
    i.LED_Init                               0x08006680   Section        0  led.o(i.LED_Init)
    i.MemManage_Handler                      0x080066d0   Section        0  stm32f10x_it.o(i.MemManage_Handler)
    i.Mouse_display                          0x080066d4   Section        0  main.o(i.Mouse_display)
    i.NMI_Handler                            0x080066f4   Section        0  stm32f10x_it.o(i.NMI_Handler)
    i.NVIC_Init                              0x080066f8   Section        0  misc.o(i.NVIC_Init)
    i.NVIC_PriorityGroupConfig               0x08006768   Section        0  misc.o(i.NVIC_PriorityGroupConfig)
    i.OTT2001A_Init                          0x0800677c   Section        0  ott2001a.o(i.OTT2001A_Init)
    i.OTT2001A_RD_Reg                        0x08006830   Section        0  ott2001a.o(i.OTT2001A_RD_Reg)
    i.OTT2001A_Scan                          0x08006894   Section        0  ott2001a.o(i.OTT2001A_Scan)
    i.OTT2001A_SensorControl                 0x08006a74   Section        0  ott2001a.o(i.OTT2001A_SensorControl)
    i.OTT2001A_WR_Reg                        0x08006a90   Section        0  ott2001a.o(i.OTT2001A_WR_Reg)
    i.PendSV_Handler                         0x08006aec   Section        0  stm32f10x_it.o(i.PendSV_Handler)
    i.RCC_APB2PeriphClockCmd                 0x08006af0   Section        0  stm32f10x_rcc.o(i.RCC_APB2PeriphClockCmd)
    i.RCC_GetClocksFreq                      0x08006b10   Section        0  stm32f10x_rcc.o(i.RCC_GetClocksFreq)
    i.SVC_Handler                            0x08006be4   Section        0  stm32f10x_it.o(i.SVC_Handler)
    i.SetSysClock                            0x08006be6   Section        0  system_stm32f10x.o(i.SetSysClock)
    SetSysClock                              0x08006be7   Thumb Code     8  system_stm32f10x.o(i.SetSysClock)
    i.SetSysClockTo72                        0x08006bf0   Section        0  system_stm32f10x.o(i.SetSysClockTo72)
    SetSysClockTo72                          0x08006bf1   Thumb Code   214  system_stm32f10x.o(i.SetSysClockTo72)
    i.SysTick_CLKSourceConfig                0x08006cd0   Section        0  misc.o(i.SysTick_CLKSourceConfig)
    i.SysTick_Handler                        0x08006cf8   Section        0  stm32f10x_it.o(i.SysTick_Handler)
    i.SystemInit                             0x08006cfc   Section        0  system_stm32f10x.o(i.SystemInit)
    i.TP_Adj_Info_Show                       0x08006d5c   Section        0  touch.o(i.TP_Adj_Info_Show)
    i.TP_Adjust                              0x08006f04   Section        0  touch.o(i.TP_Adjust)
    i.TP_Drow_Touch_Point                    0x08007404   Section        0  touch.o(i.TP_Drow_Touch_Point)
    i.TP_Get_Adjdata                         0x08007474   Section        0  touch.o(i.TP_Get_Adjdata)
    i.TP_Init                                0x0800751c   Section        0  touch.o(i.TP_Init)
    i.TP_Read_AD                             0x0800762c   Section        0  touch.o(i.TP_Read_AD)
    i.TP_Read_XOY                            0x080076b4   Section        0  touch.o(i.TP_Read_XOY)
    i.TP_Read_XY                             0x0800772c   Section        0  touch.o(i.TP_Read_XY)
    i.TP_Read_XY2                            0x0800775c   Section        0  touch.o(i.TP_Read_XY2)
    i.TP_Save_Adjdata                        0x0800781c   Section        0  touch.o(i.TP_Save_Adjdata)
    i.TP_Scan                                0x08007894   Section        0  touch.o(i.TP_Scan)
    i.TP_Write_Byte                          0x080079a4   Section        0  touch.o(i.TP_Write_Byte)
    i.USART1_IRQHandler                      0x080079e4   Section        0  usart.o(i.USART1_IRQHandler)
    i.USART_Cmd                              0x08007a6c   Section        0  stm32f10x_usart.o(i.USART_Cmd)
    i.USART_GetITStatus                      0x08007a84   Section        0  stm32f10x_usart.o(i.USART_GetITStatus)
    i.USART_ITConfig                         0x08007ad8   Section        0  stm32f10x_usart.o(i.USART_ITConfig)
    i.USART_Init                             0x08007b24   Section        0  stm32f10x_usart.o(i.USART_Init)
    i.USART_ReceiveData                      0x08007bfc   Section        0  stm32f10x_usart.o(i.USART_ReceiveData)
    i.UsageFault_Handler                     0x08007c06   Section        0  stm32f10x_it.o(i.UsageFault_Handler)
    i._sys_exit                              0x08007c0a   Section        0  usart.o(i._sys_exit)
    i.delay_init                             0x08007c10   Section        0  delay.o(i.delay_init)
    i.delay_ms                               0x08007c54   Section        0  delay.o(i.delay_ms)
    i.delay_us                               0x08007ca0   Section        0  delay.o(i.delay_us)
    i.fputc                                  0x08007cec   Section        0  usart.o(i.fputc)
    i.main                                   0x08007d08   Section        0  main.o(i.main)
    i.sqrt                                   0x08007d34   Section        0  sqrt.o(i.sqrt)
    i.uart_init                              0x08007d80   Section        0  usart.o(i.uart_init)
    x$fpl$dadd                               0x08007e20   Section      336  daddsub_clz.o(x$fpl$dadd)
    _dadd1                                   0x08007e31   Thumb Code     0  daddsub_clz.o(x$fpl$dadd)
    x$fpl$dcmpinf                            0x08007f70   Section       24  dcmpi.o(x$fpl$dcmpinf)
    x$fpl$dfixu                              0x08007f88   Section       90  dfixu.o(x$fpl$dfixu)
    x$fpl$dflt                               0x08007fe2   Section       46  dflt_clz.o(x$fpl$dflt)
    x$fpl$dfltu                              0x08008010   Section       38  dflt_clz.o(x$fpl$dfltu)
    x$fpl$dleqf                              0x08008038   Section      120  dleqf.o(x$fpl$dleqf)
    x$fpl$dmul                               0x080080b0   Section      340  dmul.o(x$fpl$dmul)
    x$fpl$dnaninf                            0x08008204   Section      156  dnaninf.o(x$fpl$dnaninf)
    x$fpl$dretinf                            0x080082a0   Section       12  dretinf.o(x$fpl$dretinf)
    x$fpl$drleqf                             0x080082ac   Section      108  drleqf.o(x$fpl$drleqf)
    x$fpl$drsb                               0x08008318   Section       22  daddsub_clz.o(x$fpl$drsb)
    x$fpl$dsqrt                              0x08008330   Section      460  dsqrt_noumaal.o(x$fpl$dsqrt)
    x$fpl$dsub                               0x080084fc   Section      468  daddsub_clz.o(x$fpl$dsub)
    _dsub1                                   0x0800850d   Thumb Code     0  daddsub_clz.o(x$fpl$dsub)
    x$fpl$f2d                                0x080086d0   Section       86  f2d.o(x$fpl$f2d)
    x$fpl$fadd                               0x08008728   Section      196  faddsub_clz.o(x$fpl$fadd)
    _fadd1                                   0x08008737   Thumb Code     0  faddsub_clz.o(x$fpl$fadd)
    x$fpl$fdiv                               0x080087ec   Section      388  fdiv.o(x$fpl$fdiv)
    _fdiv1                                   0x080087ed   Thumb Code     0  fdiv.o(x$fpl$fdiv)
    x$fpl$ffix                               0x08008970   Section       54  ffix.o(x$fpl$ffix)
    x$fpl$ffixu                              0x080089a8   Section       62  ffixu.o(x$fpl$ffixu)
    x$fpl$fflt                               0x080089e8   Section       48  fflt_clz.o(x$fpl$fflt)
    x$fpl$ffltu                              0x08008a18   Section       38  fflt_clz.o(x$fpl$ffltu)
    x$fpl$fmul                               0x08008a40   Section      258  fmul.o(x$fpl$fmul)
    x$fpl$fnaninf                            0x08008b42   Section      140  fnaninf.o(x$fpl$fnaninf)
    x$fpl$fretinf                            0x08008bce   Section       10  fretinf.o(x$fpl$fretinf)
    x$fpl$fsub                               0x08008bd8   Section      234  faddsub_clz.o(x$fpl$fsub)
    _fsub1                                   0x08008be7   Thumb Code     0  faddsub_clz.o(x$fpl$fsub)
    .constdata                               0x08008cc2   Section     6080  lcd.o(.constdata)
    x$fpl$usenofp                            0x08008cc2   Section        0  usenofp.o(x$fpl$usenofp)
    .constdata                               0x0800a482   Section       10  ott2001a.o(.constdata)
    .constdata                               0x0800a48c   Section       12  touch.o(.constdata)
    .constdata                               0x0800a498   Section      194  gt9147.o(.constdata)
    .constdata                               0x0800a55a   Section       10  ft5206.o(.constdata)
    .constdata                               0x0800a564   Section       40  _printf_hex_int.o(.constdata)
    uc_hextab                                0x0800a564   Data          20  _printf_hex_int.o(.constdata)
    lc_hextab                                0x0800a578   Data          20  _printf_hex_int.o(.constdata)
    .conststring                             0x0800a58c   Section      121  touch.o(.conststring)
    .data                                    0x20000000   Section       20  system_stm32f10x.o(.data)
    .data                                    0x20000014   Section        4  lcd.o(.data)
    .data                                    0x20000018   Section        1  ott2001a.o(.data)
    t                                        0x20000018   Data           1  ott2001a.o(.data)
    .data                                    0x2000001c   Section       60  touch.o(.data)
    .data                                    0x20000058   Section        1  gt9147.o(.data)
    t                                        0x20000058   Data           1  gt9147.o(.data)
    .data                                    0x20000059   Section        1  ft5206.o(.data)
    t                                        0x20000059   Data           1  ft5206.o(.data)
    .data                                    0x2000005a   Section        4  delay.o(.data)
    fac_us                                   0x2000005a   Data           1  delay.o(.data)
    fac_ms                                   0x2000005c   Data           2  delay.o(.data)
    .data                                    0x20000060   Section        6  usart.o(.data)
    .data                                    0x20000066   Section       20  stm32f10x_rcc.o(.data)
    APBAHBPrescTable                         0x20000066   Data          16  stm32f10x_rcc.o(.data)
    ADCPrescTable                            0x20000076   Data           4  stm32f10x_rcc.o(.data)
    .bss                                     0x2000007c   Section       14  lcd.o(.bss)
    .bss                                     0x2000008a   Section      200  usart.o(.bss)
    .bss                                     0x20000154   Section       96  libspace.o(.bss)
    HEAP                                     0x200001b8   Section      512  startup_stm32f10x_hd.o(HEAP)
    Heap_Mem                                 0x200001b8   Data         512  startup_stm32f10x_hd.o(HEAP)
    STACK                                    0x200003b8   Section     1024  startup_stm32f10x_hd.o(STACK)
    Stack_Mem                                0x200003b8   Data        1024  startup_stm32f10x_hd.o(STACK)
    __initial_sp                             0x200007b8   Data           0  startup_stm32f10x_hd.o(STACK)

    Global Symbols

    Symbol Name                              Value     Ov Type        Size  Object(Section)

    BuildAttributes$$THM_ISAv4$P$D$K$B$S$PE$A:L22UL41UL21$X:L11$S22US41US21$IEEE1$IW$USESV6$~STKCKD$USESV7$~SHL$OTIME$ROPI$IEEEJ$EBA8$UX$STANDARDLIB$REQ8$PRES8$EABIv2 0x00000000   Number         0  anon$$obj.o ABSOLUTE
    __ARM_use_no_argv                        0x00000000   Number         0  main.o ABSOLUTE
    __ARM_exceptions_init                     - Undefined Weak Reference
    __alloca_initialize                       - Undefined Weak Reference
    __arm_preinit_                            - Undefined Weak Reference
    __cpp_initialize__aeabi_                  - Undefined Weak Reference
    __cxa_finalize                            - Undefined Weak Reference
    __rt_locale                               - Undefined Weak Reference
    __sigvec_lookup                           - Undefined Weak Reference
    _atexit_init                              - Undefined Weak Reference
    _call_atexit_fns                          - Undefined Weak Reference
    _clock_init                               - Undefined Weak Reference
    _fp_trap_init                             - Undefined Weak Reference
    _fp_trap_shutdown                         - Undefined Weak Reference
    _get_lc_collate                           - Undefined Weak Reference
    _get_lc_ctype                             - Undefined Weak Reference
    _get_lc_monetary                          - Undefined Weak Reference
    _get_lc_numeric                           - Undefined Weak Reference
    _get_lc_time                              - Undefined Weak Reference
    _getenv_init                              - Undefined Weak Reference
    _handle_redirection                       - Undefined Weak Reference
    _init_alloc                               - Undefined Weak Reference
    _init_user_alloc                          - Undefined Weak Reference
    _initio                                   - Undefined Weak Reference
    _mutex_acquire                            - Undefined Weak Reference
    _mutex_release                            - Undefined Weak Reference
    _printf_mbtowc                            - Undefined Weak Reference
    _printf_post_padding                      - Undefined Weak Reference
    _printf_pre_padding                       - Undefined Weak Reference
    _printf_truncate_signed                   - Undefined Weak Reference
    _printf_truncate_unsigned                 - Undefined Weak Reference
    _rand_init                                - Undefined Weak Reference
    _signal_finish                            - Undefined Weak Reference
    _signal_init                              - Undefined Weak Reference
    _terminate_alloc                          - Undefined Weak Reference
    _terminate_user_alloc                     - Undefined Weak Reference
    _terminateio                              - Undefined Weak Reference
    __Vectors_Size                           0x00000130   Number         0  startup_stm32f10x_hd.o ABSOLUTE
    __Vectors                                0x08000000   Data           4  startup_stm32f10x_hd.o(RESET)
    __Vectors_End                            0x08000130   Data           0  startup_stm32f10x_hd.o(RESET)
    __main                                   0x08000131   Thumb Code     8  __main.o(!!!main)
    __scatterload                            0x08000139   Thumb Code     0  __scatter.o(!!!scatter)
    __scatterload_rt2                        0x08000139   Thumb Code    44  __scatter.o(!!!scatter)
    __scatterload_rt2_thumb_only             0x08000139   Thumb Code     0  __scatter.o(!!!scatter)
    __scatterload_null                       0x08000147   Thumb Code     0  __scatter.o(!!!scatter)
    __scatterload_copy                       0x0800016d   Thumb Code    26  __scatter_copy.o(!!handler_copy)
    __scatterload_zeroinit                   0x08000189   Thumb Code    28  __scatter_zi.o(!!handler_zi)
    _printf_d                                0x080001a5   Thumb Code     0  _printf_d.o(.ARM.Collect$$_printf_percent$$00000009)
    _printf_percent                          0x080001a5   Thumb Code     0  _printf_percent.o(.ARM.Collect$$_printf_percent$$00000000)
    _printf_x                                0x080001ab   Thumb Code     0  _printf_x.o(.ARM.Collect$$_printf_percent$$0000000C)
    _printf_s                                0x080001b1   Thumb Code     0  _printf_s.o(.ARM.Collect$$_printf_percent$$00000014)
    _printf_percent_end                      0x080001b7   Thumb Code     0  _printf_percent_end.o(.ARM.Collect$$_printf_percent$$00000017)
    __rt_lib_init                            0x080001bb   Thumb Code     0  libinit.o(.ARM.Collect$$libinit$$00000000)
    __rt_lib_init_alloca_1                   0x080001bd   Thumb Code     0  libinit2.o(.ARM.Collect$$libinit$$0000002E)
    __rt_lib_init_argv_1                     0x080001bd   Thumb Code     0  libinit2.o(.ARM.Collect$$libinit$$0000002C)
    __rt_lib_init_atexit_1                   0x080001bd   Thumb Code     0  libinit2.o(.ARM.Collect$$libinit$$0000001B)
    __rt_lib_init_clock_1                    0x080001bd   Thumb Code     0  libinit2.o(.ARM.Collect$$libinit$$00000021)
    __rt_lib_init_cpp_1                      0x080001bd   Thumb Code     0  libinit2.o(.ARM.Collect$$libinit$$00000032)
    __rt_lib_init_exceptions_1               0x080001bd   Thumb Code     0  libinit2.o(.ARM.Collect$$libinit$$00000030)
    __rt_lib_init_fp_1                       0x080001bd   Thumb Code     0  libinit2.o(.ARM.Collect$$libinit$$00000002)
    __rt_lib_init_fp_trap_1                  0x080001bd   Thumb Code     0  libinit2.o(.ARM.Collect$$libinit$$0000001F)
    __rt_lib_init_getenv_1                   0x080001bd   Thumb Code     0  libinit2.o(.ARM.Collect$$libinit$$00000023)
    __rt_lib_init_heap_1                     0x080001bd   Thumb Code     0  libinit2.o(.ARM.Collect$$libinit$$0000000A)
    __rt_lib_init_lc_collate_1               0x080001bd   Thumb Code     0  libinit2.o(.ARM.Collect$$libinit$$00000011)
    __rt_lib_init_lc_ctype_1                 0x080001bd   Thumb Code     0  libinit2.o(.ARM.Collect$$libinit$$00000013)
    __rt_lib_init_lc_monetary_1              0x080001bd   Thumb Code     0  libinit2.o(.ARM.Collect$$libinit$$00000015)
    __rt_lib_init_lc_numeric_1               0x080001bd   Thumb Code     0  libinit2.o(.ARM.Collect$$libinit$$00000017)
    __rt_lib_init_lc_time_1                  0x080001bd   Thumb Code     0  libinit2.o(.ARM.Collect$$libinit$$00000019)
    __rt_lib_init_preinit_1                  0x080001bd   Thumb Code     0  libinit2.o(.ARM.Collect$$libinit$$00000004)
    __rt_lib_init_rand_1                     0x080001bd   Thumb Code     0  libinit2.o(.ARM.Collect$$libinit$$0000000E)
    __rt_lib_init_return                     0x080001bd   Thumb Code     0  libinit2.o(.ARM.Collect$$libinit$$00000033)
    __rt_lib_init_signal_1                   0x080001bd   Thumb Code     0  libinit2.o(.ARM.Collect$$libinit$$0000001D)
    __rt_lib_init_stdio_1                    0x080001bd   Thumb Code     0  libinit2.o(.ARM.Collect$$libinit$$00000025)
    __rt_lib_init_user_alloc_1               0x080001bd   Thumb Code     0  libinit2.o(.ARM.Collect$$libinit$$0000000C)
    __rt_lib_shutdown                        0x080001bf   Thumb Code     0  libshutdown.o(.ARM.Collect$$libshutdown$$00000000)
    __rt_lib_shutdown_fp_trap_1              0x080001c1   Thumb Code     0  libshutdown2.o(.ARM.Collect$$libshutdown$$00000006)
    __rt_lib_shutdown_heap_1                 0x080001c1   Thumb Code     0  libshutdown2.o(.ARM.Collect$$libshutdown$$0000000E)
    __rt_lib_shutdown_return                 0x080001c1   Thumb Code     0  libshutdown2.o(.ARM.Collect$$libshutdown$$0000000F)
    __rt_lib_shutdown_signal_1               0x080001c1   Thumb Code     0  libshutdown2.o(.ARM.Collect$$libshutdown$$00000009)
    __rt_lib_shutdown_stdio_1                0x080001c1   Thumb Code     0  libshutdown2.o(.ARM.Collect$$libshutdown$$00000003)
    __rt_lib_shutdown_user_alloc_1           0x080001c1   Thumb Code     0  libshutdown2.o(.ARM.Collect$$libshutdown$$0000000B)
    __rt_entry                               0x080001c3   Thumb Code     0  __rtentry.o(.ARM.Collect$$rtentry$$00000000)
    __rt_entry_presh_1                       0x080001c3   Thumb Code     0  __rtentry2.o(.ARM.Collect$$rtentry$$00000002)
    __rt_entry_sh                            0x080001c3   Thumb Code     0  __rtentry4.o(.ARM.Collect$$rtentry$$00000004)
    __rt_entry_li                            0x080001c9   Thumb Code     0  __rtentry2.o(.ARM.Collect$$rtentry$$0000000A)
    __rt_entry_postsh_1                      0x080001c9   Thumb Code     0  __rtentry2.o(.ARM.Collect$$rtentry$$00000009)
    __rt_entry_main                          0x080001cd   Thumb Code     0  __rtentry2.o(.ARM.Collect$$rtentry$$0000000D)
    __rt_entry_postli_1                      0x080001cd   Thumb Code     0  __rtentry2.o(.ARM.Collect$$rtentry$$0000000C)
    __rt_exit                                0x080001d5   Thumb Code     0  rtexit.o(.ARM.Collect$$rtexit$$00000000)
    __rt_exit_ls                             0x080001d7   Thumb Code     0  rtexit2.o(.ARM.Collect$$rtexit$$00000003)
    __rt_exit_prels_1                        0x080001d7   Thumb Code     0  rtexit2.o(.ARM.Collect$$rtexit$$00000002)
    __rt_exit_exit                           0x080001db   Thumb Code     0  rtexit2.o(.ARM.Collect$$rtexit$$00000004)
    Reset_Handler                            0x080001e1   Thumb Code     8  startup_stm32f10x_hd.o(.text)
    ADC1_2_IRQHandler                        0x080001fb   Thumb Code     0  startup_stm32f10x_hd.o(.text)
    ADC3_IRQHandler                          0x080001fb   Thumb Code     0  startup_stm32f10x_hd.o(.text)
    CAN1_RX1_IRQHandler                      0x080001fb   Thumb Code     0  startup_stm32f10x_hd.o(.text)
    CAN1_SCE_IRQHandler                      0x080001fb   Thumb Code     0  startup_stm32f10x_hd.o(.text)
    DMA1_Channel1_IRQHandler                 0x080001fb   Thumb Code     0  startup_stm32f10x_hd.o(.text)
    DMA1_Channel2_IRQHandler                 0x080001fb   Thumb Code     0  startup_stm32f10x_hd.o(.text)
    DMA1_Channel3_IRQHandler                 0x080001fb   Thumb Code     0  startup_stm32f10x_hd.o(.text)
    DMA1_Channel4_IRQHandler                 0x080001fb   Thumb Code     0  startup_stm32f10x_hd.o(.text)
    DMA1_Channel5_IRQHandler                 0x080001fb   Thumb Code     0  startup_stm32f10x_hd.o(.text)
    DMA1_Channel6_IRQHandler                 0x080001fb   Thumb Code     0  startup_stm32f10x_hd.o(.text)
    DMA1_Channel7_IRQHandler                 0x080001fb   Thumb Code     0  startup_stm32f10x_hd.o(.text)
    DMA2_Channel1_IRQHandler                 0x080001fb   Thumb Code     0  startup_stm32f10x_hd.o(.text)
    DMA2_Channel2_IRQHandler                 0x080001fb   Thumb Code     0  startup_stm32f10x_hd.o(.text)
    DMA2_Channel3_IRQHandler                 0x080001fb   Thumb Code     0  startup_stm32f10x_hd.o(.text)
    DMA2_Channel4_5_IRQHandler               0x080001fb   Thumb Code     0  startup_stm32f10x_hd.o(.text)
    EXTI0_IRQHandler                         0x080001fb   Thumb Code     0  startup_stm32f10x_hd.o(.text)
    EXTI15_10_IRQHandler                     0x080001fb   Thumb Code     0  startup_stm32f10x_hd.o(.text)
    EXTI1_IRQHandler                         0x080001fb   Thumb Code     0  startup_stm32f10x_hd.o(.text)
    EXTI2_IRQHandler                         0x080001fb   Thumb Code     0  startup_stm32f10x_hd.o(.text)
    EXTI3_IRQHandler                         0x080001fb   Thumb Code     0  startup_stm32f10x_hd.o(.text)
    EXTI4_IRQHandler                         0x080001fb   Thumb Code     0  startup_stm32f10x_hd.o(.text)
    EXTI9_5_IRQHandler                       0x080001fb   Thumb Code     0  startup_stm32f10x_hd.o(.text)
    FLASH_IRQHandler                         0x080001fb   Thumb Code     0  startup_stm32f10x_hd.o(.text)
    FSMC_IRQHandler                          0x080001fb   Thumb Code     0  startup_stm32f10x_hd.o(.text)
    I2C1_ER_IRQHandler                       0x080001fb   Thumb Code     0  startup_stm32f10x_hd.o(.text)
    I2C1_EV_IRQHandler                       0x080001fb   Thumb Code     0  startup_stm32f10x_hd.o(.text)
    I2C2_ER_IRQHandler                       0x080001fb   Thumb Code     0  startup_stm32f10x_hd.o(.text)
    I2C2_EV_IRQHandler                       0x080001fb   Thumb Code     0  startup_stm32f10x_hd.o(.text)
    PVD_IRQHandler                           0x080001fb   Thumb Code     0  startup_stm32f10x_hd.o(.text)
    RCC_IRQHandler                           0x080001fb   Thumb Code     0  startup_stm32f10x_hd.o(.text)
    RTCAlarm_IRQHandler                      0x080001fb   Thumb Code     0  startup_stm32f10x_hd.o(.text)
    RTC_IRQHandler                           0x080001fb   Thumb Code     0  startup_stm32f10x_hd.o(.text)
    SDIO_IRQHandler                          0x080001fb   Thumb Code     0  startup_stm32f10x_hd.o(.text)
    SPI1_IRQHandler                          0x080001fb   Thumb Code     0  startup_stm32f10x_hd.o(.text)
    SPI2_IRQHandler                          0x080001fb   Thumb Code     0  startup_stm32f10x_hd.o(.text)
    SPI3_IRQHandler                          0x080001fb   Thumb Code     0  startup_stm32f10x_hd.o(.text)
    TAMPER_IRQHandler                        0x080001fb   Thumb Code     0  startup_stm32f10x_hd.o(.text)
    TIM1_BRK_IRQHandler                      0x080001fb   Thumb Code     0  startup_stm32f10x_hd.o(.text)
    TIM1_CC_IRQHandler                       0x080001fb   Thumb Code     0  startup_stm32f10x_hd.o(.text)
    TIM1_TRG_COM_IRQHandler                  0x080001fb   Thumb Code     0  startup_stm32f10x_hd.o(.text)
    TIM1_UP_IRQHandler                       0x080001fb   Thumb Code     0  startup_stm32f10x_hd.o(.text)
    TIM2_IRQHandler                          0x080001fb   Thumb Code     0  startup_stm32f10x_hd.o(.text)
    TIM3_IRQHandler                          0x080001fb   Thumb Code     0  startup_stm32f10x_hd.o(.text)
    TIM4_IRQHandler                          0x080001fb   Thumb Code     0  startup_stm32f10x_hd.o(.text)
    TIM5_IRQHandler                          0x080001fb   Thumb Code     0  startup_stm32f10x_hd.o(.text)
    TIM6_IRQHandler                          0x080001fb   Thumb Code     0  startup_stm32f10x_hd.o(.text)
    TIM7_IRQHandler                          0x080001fb   Thumb Code     0  startup_stm32f10x_hd.o(.text)
    TIM8_BRK_IRQHandler                      0x080001fb   Thumb Code     0  startup_stm32f10x_hd.o(.text)
    TIM8_CC_IRQHandler                       0x080001fb   Thumb Code     0  startup_stm32f10x_hd.o(.text)
    TIM8_TRG_COM_IRQHandler                  0x080001fb   Thumb Code     0  startup_stm32f10x_hd.o(.text)
    TIM8_UP_IRQHandler                       0x080001fb   Thumb Code     0  startup_stm32f10x_hd.o(.text)
    UART4_IRQHandler                         0x080001fb   Thumb Code     0  startup_stm32f10x_hd.o(.text)
    UART5_IRQHandler                         0x080001fb   Thumb Code     0  startup_stm32f10x_hd.o(.text)
    USART2_IRQHandler                        0x080001fb   Thumb Code     0  startup_stm32f10x_hd.o(.text)
    USART3_IRQHandler                        0x080001fb   Thumb Code     0  startup_stm32f10x_hd.o(.text)
    USBWakeUp_IRQHandler                     0x080001fb   Thumb Code     0  startup_stm32f10x_hd.o(.text)
    USB_HP_CAN1_TX_IRQHandler                0x080001fb   Thumb Code     0  startup_stm32f10x_hd.o(.text)
    USB_LP_CAN1_RX0_IRQHandler               0x080001fb   Thumb Code     0  startup_stm32f10x_hd.o(.text)
    WWDG_IRQHandler                          0x080001fb   Thumb Code     0  startup_stm32f10x_hd.o(.text)
    __user_initial_stackheap                 0x080001fd   Thumb Code     0  startup_stm32f10x_hd.o(.text)
    __use_no_semihosting                     0x08000221   Thumb Code     2  use_no_semi_2.o(.text)
    __2printf                                0x08000225   Thumb Code    20  noretval__2printf.o(.text)
    __printf                                 0x0800023d   Thumb Code   104  __printf.o(.text)
    _printf_str                              0x080002a5   Thumb Code    82  _printf_str.o(.text)
    _printf_int_dec                          0x080002f9   Thumb Code   104  _printf_dec.o(.text)
    _printf_int_hex                          0x08000371   Thumb Code    84  _printf_hex_int.o(.text)
    _printf_longlong_hex                     0x08000371   Thumb Code     0  _printf_hex_int.o(.text)
    strcmp                                   0x080003c9   Thumb Code   128  strcmpv7m.o(.text)
    __use_two_region_memory                  0x08000449   Thumb Code     2  heapauxi.o(.text)
    __rt_heap_escrow$2region                 0x0800044b   Thumb Code     2  heapauxi.o(.text)
    __rt_heap_expand$2region                 0x0800044d   Thumb Code     2  heapauxi.o(.text)
    __I$use$semihosting                      0x0800044f   Thumb Code     0  use_no_semi.o(.text)
    __use_no_semihosting_swi                 0x0800044f   Thumb Code     2  use_no_semi.o(.text)
    __read_errno                             0x08000451   Thumb Code    10  _rserrno.o(.text)
    __set_errno                              0x0800045b   Thumb Code    12  _rserrno.o(.text)
    _printf_int_common                       0x08000467   Thumb Code   178  _printf_intcommon.o(.text)
    _printf_cs_common                        0x08000519   Thumb Code    20  _printf_char.o(.text)
    _printf_char                             0x0800052d   Thumb Code    16  _printf_char.o(.text)
    _printf_string                           0x0800053d   Thumb Code     8  _printf_char.o(.text)
    _printf_char_file                        0x08000545   Thumb Code    32  _printf_char_file.o(.text)
    __aeabi_errno_addr                       0x08000569   Thumb Code     8  rt_errno_addr_intlibspace.o(.text)
    __errno$intlibspace                      0x08000569   Thumb Code     0  rt_errno_addr_intlibspace.o(.text)
    __rt_errno_addr$intlibspace              0x08000569   Thumb Code     0  rt_errno_addr_intlibspace.o(.text)
    _printf_char_common                      0x0800057b   Thumb Code    32  _printf_char_common.o(.text)
    ferror                                   0x080005a1   Thumb Code     8  ferror.o(.text)
    __user_libspace                          0x080005a9   Thumb Code     8  libspace.o(.text)
    __user_perproc_libspace                  0x080005a9   Thumb Code     0  libspace.o(.text)
    __user_perthread_libspace                0x080005a9   Thumb Code     0  libspace.o(.text)
    __user_setup_stackheap                   0x080005b1   Thumb Code    74  sys_stackheap_outer.o(.text)
    exit                                     0x080005fb   Thumb Code    12  exit.o(.text)
    AT24CXX_Init                             0x08000607   Thumb Code     8  24cxx.o(i.AT24CXX_Init)
    AT24CXX_ReadLenByte                      0x0800060f   Thumb Code    44  24cxx.o(i.AT24CXX_ReadLenByte)
    AT24CXX_ReadOneByte                      0x0800063b   Thumb Code    88  24cxx.o(i.AT24CXX_ReadOneByte)
    AT24CXX_WriteLenByte                     0x08000693   Thumb Code    42  24cxx.o(i.AT24CXX_WriteLenByte)
    AT24CXX_WriteOneByte                     0x080006bd   Thumb Code    80  24cxx.o(i.AT24CXX_WriteOneByte)
    BusFault_Handler                         0x0800070d   Thumb Code     4  stm32f10x_it.o(i.BusFault_Handler)
    CT_Delay                                 0x08000711   Thumb Code    10  ctiic.o(i.CT_Delay)
    CT_IIC_Ack                               0x0800071d   Thumb Code    62  ctiic.o(i.CT_IIC_Ack)
    CT_IIC_Init                              0x08000769   Thumb Code    62  ctiic.o(i.CT_IIC_Init)
    CT_IIC_NAck                              0x080007b1   Thumb Code    62  ctiic.o(i.CT_IIC_NAck)
    CT_IIC_Read_Byte                         0x080007fd   Thumb Code    92  ctiic.o(i.CT_IIC_Read_Byte)
    CT_IIC_Send_Byte                         0x08000865   Thumb Code    80  ctiic.o(i.CT_IIC_Send_Byte)
    CT_IIC_Start                             0x080008c1   Thumb Code    60  ctiic.o(i.CT_IIC_Start)
    CT_IIC_Stop                              0x08000909   Thumb Code    60  ctiic.o(i.CT_IIC_Stop)
    CT_IIC_Wait_Ack                          0x08000951   Thumb Code    86  ctiic.o(i.CT_IIC_Wait_Ack)
    DebugMon_Handler                         0x080009b5   Thumb Code     2  stm32f10x_it.o(i.DebugMon_Handler)
    FT5206_Init                              0x080009b9   Thumb Code   214  ft5206.o(i.FT5206_Init)
    FT5206_RD_Reg                            0x08000aa9   Thumb Code    88  ft5206.o(i.FT5206_RD_Reg)
    FT5206_Scan                              0x08000b01   Thumb Code   400  ft5206.o(i.FT5206_Scan)
    FT5206_WR_Reg                            0x08000c9d   Thumb Code    82  ft5206.o(i.FT5206_WR_Reg)
    GPIO_Init                                0x08000cef   Thumb Code   278  stm32f10x_gpio.o(i.GPIO_Init)
    GPIO_PinRemapConfig                      0x08000e05   Thumb Code   138  stm32f10x_gpio.o(i.GPIO_PinRemapConfig)
    GPIO_ResetBits                           0x08000e95   Thumb Code     4  stm32f10x_gpio.o(i.GPIO_ResetBits)
    GPIO_SetBits                             0x08000e99   Thumb Code     4  stm32f10x_gpio.o(i.GPIO_SetBits)
    GT9147_Init                              0x08000e9d   Thumb Code   242  gt9147.o(i.GT9147_Init)
    GT9147_RD_Reg                            0x08000fc5   Thumb Code    98  gt9147.o(i.GT9147_RD_Reg)
    GT9147_Scan                              0x08001029   Thumb Code   408  gt9147.o(i.GT9147_Scan)
    GT9147_Send_Cfg                          0x080011cd   Thumb Code    86  gt9147.o(i.GT9147_Send_Cfg)
    GT9147_WR_Reg                            0x08001229   Thumb Code    92  gt9147.o(i.GT9147_WR_Reg)
    GUI_draw                                 0x08001285   Thumb Code   322  gui.o(i.GUI_draw)
    HardFault_Handler                        0x0800141d   Thumb Code     4  stm32f10x_it.o(i.HardFault_Handler)
    IIC_Ack                                  0x08001421   Thumb Code    66  myiic.o(i.IIC_Ack)
    IIC_Init                                 0x08001471   Thumb Code    52  myiic.o(i.IIC_Init)
    IIC_NAck                                 0x080014b1   Thumb Code    66  myiic.o(i.IIC_NAck)
    IIC_Read_Byte                            0x08001501   Thumb Code    98  myiic.o(i.IIC_Read_Byte)
    IIC_Send_Byte                            0x08001571   Thumb Code    90  myiic.o(i.IIC_Send_Byte)
    IIC_Start                                0x080015d9   Thumb Code    64  myiic.o(i.IIC_Start)
    IIC_Stop                                 0x08001625   Thumb Code    62  myiic.o(i.IIC_Stop)
    IIC_Wait_Ack                             0x08001671   Thumb Code    86  myiic.o(i.IIC_Wait_Ack)
    Inits                                    0x080016d5   Thumb Code    42  main.o(i.Inits)
    KEY_Init                                 0x08001705   Thumb Code    82  key.o(i.KEY_Init)
    LCD_Clear                                0x08001765   Thumb Code   122  lcd.o(i.LCD_Clear)
    LCD_Display_Dir                          0x080017ed   Thumb Code   444  lcd.o(i.LCD_Display_Dir)
    LCD_DrawLine                             0x080019ad   Thumb Code   176  lcd.o(i.LCD_DrawLine)
    LCD_DrawPoint                            0x08001a5d   Thumb Code    52  lcd.o(i.LCD_DrawPoint)
    LCD_Draw_Circle                          0x08001a9d   Thumb Code   152  lcd.o(i.LCD_Draw_Circle)
    LCD_Fast_DrawPoint                       0x08001b35   Thumb Code   854  lcd.o(i.LCD_Fast_DrawPoint)
    LCD_Init                                 0x08001e99   Thumb Code 15292  lcd.o(i.LCD_Init)
    LCD_Pow                                  0x08005a55   Thumb Code    22  lcd.o(i.LCD_Pow)
    LCD_RD_DATA                              0x08005a6d   Thumb Code    98  lcd.o(i.LCD_RD_DATA)
    LCD_ReadReg                              0x08005add   Thumb Code    16  lcd.o(i.LCD_ReadReg)
    LCD_SSD_BackLightSet                     0x08005aed   Thumb Code   198  lcd.o(i.LCD_SSD_BackLightSet)
    LCD_Scan_Dir                             0x08005bc1   Thumb Code  1112  lcd.o(i.LCD_Scan_Dir)
    LCD_SetCursor                            0x08006019   Thumb Code   944  lcd.o(i.LCD_SetCursor)
    LCD_ShowChar                             0x080063d5   Thumb Code   272  lcd.o(i.LCD_ShowChar)
    LCD_ShowNum                              0x080064fd   Thumb Code   148  lcd.o(i.LCD_ShowNum)
    LCD_ShowString                           0x08006591   Thumb Code   102  lcd.o(i.LCD_ShowString)
    LCD_WR_DATAX                             0x080065f9   Thumb Code    28  lcd.o(i.LCD_WR_DATAX)
    LCD_WR_REG                               0x0800661d   Thumb Code    28  lcd.o(i.LCD_WR_REG)
    LCD_WriteRAM_Prepare                     0x08006641   Thumb Code    12  lcd.o(i.LCD_WriteRAM_Prepare)
    LCD_WriteReg                             0x08006651   Thumb Code    40  lcd.o(i.LCD_WriteReg)
    LED_Init                                 0x08006681   Thumb Code    72  led.o(i.LED_Init)
    MemManage_Handler                        0x080066d1   Thumb Code     4  stm32f10x_it.o(i.MemManage_Handler)
    Mouse_display                            0x080066d5   Thumb Code    28  main.o(i.Mouse_display)
    NMI_Handler                              0x080066f5   Thumb Code     2  stm32f10x_it.o(i.NMI_Handler)
    NVIC_Init                                0x080066f9   Thumb Code   100  misc.o(i.NVIC_Init)
    NVIC_PriorityGroupConfig                 0x08006769   Thumb Code    10  misc.o(i.NVIC_PriorityGroupConfig)
    OTT2001A_Init                            0x0800677d   Thumb Code   156  ott2001a.o(i.OTT2001A_Init)
    OTT2001A_RD_Reg                          0x08006831   Thumb Code    98  ott2001a.o(i.OTT2001A_RD_Reg)
    OTT2001A_Scan                            0x08006895   Thumb Code   446  ott2001a.o(i.OTT2001A_Scan)
    OTT2001A_SensorControl                   0x08006a75   Thumb Code    28  ott2001a.o(i.OTT2001A_SensorControl)
    OTT2001A_WR_Reg                          0x08006a91   Thumb Code    92  ott2001a.o(i.OTT2001A_WR_Reg)
    PendSV_Handler                           0x08006aed   Thumb Code     2  stm32f10x_it.o(i.PendSV_Handler)
    RCC_APB2PeriphClockCmd                   0x08006af1   Thumb Code    26  stm32f10x_rcc.o(i.RCC_APB2PeriphClockCmd)
    RCC_GetClocksFreq                        0x08006b11   Thumb Code   192  stm32f10x_rcc.o(i.RCC_GetClocksFreq)
    SVC_Handler                              0x08006be5   Thumb Code     2  stm32f10x_it.o(i.SVC_Handler)
    SysTick_CLKSourceConfig                  0x08006cd1   Thumb Code    40  misc.o(i.SysTick_CLKSourceConfig)
    SysTick_Handler                          0x08006cf9   Thumb Code     2  stm32f10x_it.o(i.SysTick_Handler)
    SystemInit                               0x08006cfd   Thumb Code    78  system_stm32f10x.o(i.SystemInit)
    TP_Adj_Info_Show                         0x08006d5d   Thumb Code   376  touch.o(i.TP_Adj_Info_Show)
    TP_Adjust                                0x08006f05   Thumb Code  1234  touch.o(i.TP_Adjust)
    TP_Drow_Touch_Point                      0x08007405   Thumb Code   108  touch.o(i.TP_Drow_Touch_Point)
    TP_Get_Adjdata                           0x08007475   Thumb Code   152  touch.o(i.TP_Get_Adjdata)
    TP_Init                                  0x0800751d   Thumb Code   248  touch.o(i.TP_Init)
    TP_Read_AD                               0x0800762d   Thumb Code   126  touch.o(i.TP_Read_AD)
    TP_Read_XOY                              0x080076b5   Thumb Code   120  touch.o(i.TP_Read_XOY)
    TP_Read_XY                               0x0800772d   Thumb Code    38  touch.o(i.TP_Read_XY)
    TP_Read_XY2                              0x0800775d   Thumb Code   192  touch.o(i.TP_Read_XY2)
    TP_Save_Adjdata                          0x0800781d   Thumb Code   110  touch.o(i.TP_Save_Adjdata)
    TP_Scan                                  0x08007895   Thumb Code   262  touch.o(i.TP_Scan)
    TP_Write_Byte                            0x080079a5   Thumb Code    56  touch.o(i.TP_Write_Byte)
    USART1_IRQHandler                        0x080079e5   Thumb Code   122  usart.o(i.USART1_IRQHandler)
    USART_Cmd                                0x08007a6d   Thumb Code    24  stm32f10x_usart.o(i.USART_Cmd)
    USART_GetITStatus                        0x08007a85   Thumb Code    84  stm32f10x_usart.o(i.USART_GetITStatus)
    USART_ITConfig                           0x08007ad9   Thumb Code    74  stm32f10x_usart.o(i.USART_ITConfig)
    USART_Init                               0x08007b25   Thumb Code   210  stm32f10x_usart.o(i.USART_Init)
    USART_ReceiveData                        0x08007bfd   Thumb Code    10  stm32f10x_usart.o(i.USART_ReceiveData)
    UsageFault_Handler                       0x08007c07   Thumb Code     4  stm32f10x_it.o(i.UsageFault_Handler)
    _sys_exit                                0x08007c0b   Thumb Code     6  usart.o(i._sys_exit)
    delay_init                               0x08007c11   Thumb Code    50  delay.o(i.delay_init)
    delay_ms                                 0x08007c55   Thumb Code    72  delay.o(i.delay_ms)
    delay_us                                 0x08007ca1   Thumb Code    72  delay.o(i.delay_us)
    fputc                                    0x08007ced   Thumb Code    24  usart.o(i.fputc)
    main                                     0x08007d09   Thumb Code    40  main.o(i.main)
    sqrt                                     0x08007d35   Thumb Code    76  sqrt.o(i.sqrt)
    uart_init                                0x08007d81   Thumb Code   152  usart.o(i.uart_init)
    __aeabi_dadd                             0x08007e21   Thumb Code     0  daddsub_clz.o(x$fpl$dadd)
    _dadd                                    0x08007e21   Thumb Code   332  daddsub_clz.o(x$fpl$dadd)
    __fpl_dcmp_Inf                           0x08007f71   Thumb Code    24  dcmpi.o(x$fpl$dcmpinf)
    __aeabi_d2uiz                            0x08007f89   Thumb Code     0  dfixu.o(x$fpl$dfixu)
    _dfixu                                   0x08007f89   Thumb Code    90  dfixu.o(x$fpl$dfixu)
    __aeabi_i2d                              0x08007fe3   Thumb Code     0  dflt_clz.o(x$fpl$dflt)
    _dflt                                    0x08007fe3   Thumb Code    46  dflt_clz.o(x$fpl$dflt)
    __aeabi_ui2d                             0x08008011   Thumb Code     0  dflt_clz.o(x$fpl$dfltu)
    _dfltu                                   0x08008011   Thumb Code    38  dflt_clz.o(x$fpl$dfltu)
    __aeabi_cdcmple                          0x08008039   Thumb Code     0  dleqf.o(x$fpl$dleqf)
    _dcmple                                  0x08008039   Thumb Code   120  dleqf.o(x$fpl$dleqf)
    __fpl_dcmple_InfNaN                      0x0800809b   Thumb Code     0  dleqf.o(x$fpl$dleqf)
    __aeabi_dmul                             0x080080b1   Thumb Code     0  dmul.o(x$fpl$dmul)
    _dmul                                    0x080080b1   Thumb Code   332  dmul.o(x$fpl$dmul)
    __fpl_dnaninf                            0x08008205   Thumb Code   156  dnaninf.o(x$fpl$dnaninf)
    __fpl_dretinf                            0x080082a1   Thumb Code    12  dretinf.o(x$fpl$dretinf)
    __aeabi_cdrcmple                         0x080082ad   Thumb Code     0  drleqf.o(x$fpl$drleqf)
    _drcmple                                 0x080082ad   Thumb Code   108  drleqf.o(x$fpl$drleqf)
    __aeabi_drsub                            0x08008319   Thumb Code     0  daddsub_clz.o(x$fpl$drsb)
    _drsb                                    0x08008319   Thumb Code    22  daddsub_clz.o(x$fpl$drsb)
    _dsqrt                                   0x08008331   Thumb Code   456  dsqrt_noumaal.o(x$fpl$dsqrt)
    __aeabi_dsub                             0x080084fd   Thumb Code     0  daddsub_clz.o(x$fpl$dsub)
    _dsub                                    0x080084fd   Thumb Code   464  daddsub_clz.o(x$fpl$dsub)
    __aeabi_f2d                              0x080086d1   Thumb Code     0  f2d.o(x$fpl$f2d)
    _f2d                                     0x080086d1   Thumb Code    86  f2d.o(x$fpl$f2d)
    __aeabi_fadd                             0x08008729   Thumb Code     0  faddsub_clz.o(x$fpl$fadd)
    _fadd                                    0x08008729   Thumb Code   196  faddsub_clz.o(x$fpl$fadd)
    __aeabi_fdiv                             0x080087ed   Thumb Code     0  fdiv.o(x$fpl$fdiv)
    _fdiv                                    0x080087ed   Thumb Code   384  fdiv.o(x$fpl$fdiv)
    __aeabi_f2iz                             0x08008971   Thumb Code     0  ffix.o(x$fpl$ffix)
    _ffix                                    0x08008971   Thumb Code    54  ffix.o(x$fpl$ffix)
    __aeabi_f2uiz                            0x080089a9   Thumb Code     0  ffixu.o(x$fpl$ffixu)
    _ffixu                                   0x080089a9   Thumb Code    62  ffixu.o(x$fpl$ffixu)
    __aeabi_i2f                              0x080089e9   Thumb Code     0  fflt_clz.o(x$fpl$fflt)
    _fflt                                    0x080089e9   Thumb Code    48  fflt_clz.o(x$fpl$fflt)
    __aeabi_ui2f                             0x08008a19   Thumb Code     0  fflt_clz.o(x$fpl$ffltu)
    _ffltu                                   0x08008a19   Thumb Code    38  fflt_clz.o(x$fpl$ffltu)
    __aeabi_fmul                             0x08008a41   Thumb Code     0  fmul.o(x$fpl$fmul)
    _fmul                                    0x08008a41   Thumb Code   258  fmul.o(x$fpl$fmul)
    __fpl_fnaninf                            0x08008b43   Thumb Code   140  fnaninf.o(x$fpl$fnaninf)
    __fpl_fretinf                            0x08008bcf   Thumb Code    10  fretinf.o(x$fpl$fretinf)
    __aeabi_fsub                             0x08008bd9   Thumb Code     0  faddsub_clz.o(x$fpl$fsub)
    _fsub                                    0x08008bd9   Thumb Code   234  faddsub_clz.o(x$fpl$fsub)
    __I$use$fp                               0x08008cc2   Number         0  usenofp.o(x$fpl$usenofp)
    asc2_1206                                0x08008cc2   Data        1140  lcd.o(.constdata)
    asc2_1608                                0x08009136   Data        1520  lcd.o(.constdata)
    asc2_2412                                0x08009726   Data        3420  lcd.o(.constdata)
    OTT_TPX_TBL                              0x0800a482   Data          10  ott2001a.o(.constdata)
    TP_ADJDIS_TBL                            0x0800a48c   Data          12  touch.o(.constdata)
    GT9147_CFG_TBL                           0x0800a498   Data         184  gt9147.o(.constdata)
    GT9147_TPX_TBL                           0x0800a550   Data          10  gt9147.o(.constdata)
    FT5206_TPX_TBL                           0x0800a55a   Data          10  ft5206.o(.constdata)
    Region$$Table$$Base                      0x0800a608   Number         0  anon$$obj.o(Region$$Table)
    Region$$Table$$Limit                     0x0800a628   Number         0  anon$$obj.o(Region$$Table)
    SystemCoreClock                          0x20000000   Data           4  system_stm32f10x.o(.data)
    AHBPrescTable                            0x20000004   Data          16  system_stm32f10x.o(.data)
    POINT_COLOR                              0x20000014   Data           2  lcd.o(.data)
    BACK_COLOR                               0x20000016   Data           2  lcd.o(.data)
    tp_dev                                   0x2000001c   Data          52  touch.o(.data)
    CMD_RDX                                  0x20000050   Data           1  touch.o(.data)
    CMD_RDY                                  0x20000051   Data           1  touch.o(.data)
    TP_REMIND_MSG_TBL                        0x20000054   Data           4  touch.o(.data)
    __stdout                                 0x20000060   Data           4  usart.o(.data)
    USART_RX_STA                             0x20000064   Data           2  usart.o(.data)
    lcddev                                   0x2000007c   Data          14  lcd.o(.bss)
    USART_RX_BUF                             0x2000008a   Data         200  usart.o(.bss)
    __libspace_start                         0x20000154   Data          96  libspace.o(.bss)
    __temporary_stack_top$libspace           0x200001b4   Data           0  libspace.o(.bss)



==============================================================================

Memory Map of the image

  Image Entry point : 0x08000131

  Load Region LR_IROM1 (Base: 0x08000000, Size: 0x0000a6a4, Max: 0x00040000, ABSOLUTE)

    Execution Region ER_IROM1 (Base: 0x08000000, Size: 0x0000a628, Max: 0x00040000, ABSOLUTE)

    Base Addr    Size         Type   Attr      Idx    E Section Name        Object

    0x08000000   0x00000130   Data   RO          964    RESET               startup_stm32f10x_hd.o
    0x08000130   0x00000008   Code   RO         1562  * !!!main             c_w.l(__main.o)
    0x08000138   0x00000034   Code   RO         1809    !!!scatter          c_w.l(__scatter.o)
    0x0800016c   0x0000001a   Code   RO         1811    !!handler_copy      c_w.l(__scatter_copy.o)
    0x08000186   0x00000002   PAD
    0x08000188   0x0000001c   Code   RO         1813    !!handler_zi        c_w.l(__scatter_zi.o)
    0x080001a4   0x00000000   Code   RO         1557    .ARM.Collect$$_printf_percent$$00000000  c_w.l(_printf_percent.o)
    0x080001a4   0x00000006   Code   RO         1556    .ARM.Collect$$_printf_percent$$00000009  c_w.l(_printf_d.o)
    0x080001aa   0x00000006   Code   RO         1555    .ARM.Collect$$_printf_percent$$0000000C  c_w.l(_printf_x.o)
    0x080001b0   0x00000006   Code   RO         1554    .ARM.Collect$$_printf_percent$$00000014  c_w.l(_printf_s.o)
    0x080001b6   0x00000004   Code   RO         1633    .ARM.Collect$$_printf_percent$$00000017  c_w.l(_printf_percent_end.o)
    0x080001ba   0x00000002   Code   RO         1687    .ARM.Collect$$libinit$$00000000  c_w.l(libinit.o)
    0x080001bc   0x00000000   Code   RO         1691    .ARM.Collect$$libinit$$00000002  c_w.l(libinit2.o)
    0x080001bc   0x00000000   Code   RO         1693    .ARM.Collect$$libinit$$00000004  c_w.l(libinit2.o)
    0x080001bc   0x00000000   Code   RO         1696    .ARM.Collect$$libinit$$0000000A  c_w.l(libinit2.o)
    0x080001bc   0x00000000   Code   RO         1698    .ARM.Collect$$libinit$$0000000C  c_w.l(libinit2.o)
    0x080001bc   0x00000000   Code   RO         1700    .ARM.Collect$$libinit$$0000000E  c_w.l(libinit2.o)
    0x080001bc   0x00000000   Code   RO         1703    .ARM.Collect$$libinit$$00000011  c_w.l(libinit2.o)
    0x080001bc   0x00000000   Code   RO         1705    .ARM.Collect$$libinit$$00000013  c_w.l(libinit2.o)
    0x080001bc   0x00000000   Code   RO         1707    .ARM.Collect$$libinit$$00000015  c_w.l(libinit2.o)
    0x080001bc   0x00000000   Code   RO         1709    .ARM.Collect$$libinit$$00000017  c_w.l(libinit2.o)
    0x080001bc   0x00000000   Code   RO         1711    .ARM.Collect$$libinit$$00000019  c_w.l(libinit2.o)
    0x080001bc   0x00000000   Code   RO         1713    .ARM.Collect$$libinit$$0000001B  c_w.l(libinit2.o)
    0x080001bc   0x00000000   Code   RO         1715    .ARM.Collect$$libinit$$0000001D  c_w.l(libinit2.o)
    0x080001bc   0x00000000   Code   RO         1717    .ARM.Collect$$libinit$$0000001F  c_w.l(libinit2.o)
    0x080001bc   0x00000000   Code   RO         1719    .ARM.Collect$$libinit$$00000021  c_w.l(libinit2.o)
    0x080001bc   0x00000000   Code   RO         1721    .ARM.Collect$$libinit$$00000023  c_w.l(libinit2.o)
    0x080001bc   0x00000000   Code   RO         1723    .ARM.Collect$$libinit$$00000025  c_w.l(libinit2.o)
    0x080001bc   0x00000000   Code   RO         1727    .ARM.Collect$$libinit$$0000002C  c_w.l(libinit2.o)
    0x080001bc   0x00000000   Code   RO         1729    .ARM.Collect$$libinit$$0000002E  c_w.l(libinit2.o)
    0x080001bc   0x00000000   Code   RO         1731    .ARM.Collect$$libinit$$00000030  c_w.l(libinit2.o)
    0x080001bc   0x00000000   Code   RO         1733    .ARM.Collect$$libinit$$00000032  c_w.l(libinit2.o)
    0x080001bc   0x00000002   Code   RO         1734    .ARM.Collect$$libinit$$00000033  c_w.l(libinit2.o)
    0x080001be   0x00000002   Code   RO         1752    .ARM.Collect$$libshutdown$$00000000  c_w.l(libshutdown.o)
    0x080001c0   0x00000000   Code   RO         1763    .ARM.Collect$$libshutdown$$00000003  c_w.l(libshutdown2.o)
    0x080001c0   0x00000000   Code   RO         1766    .ARM.Collect$$libshutdown$$00000006  c_w.l(libshutdown2.o)
    0x080001c0   0x00000000   Code   RO         1769    .ARM.Collect$$libshutdown$$00000009  c_w.l(libshutdown2.o)
    0x080001c0   0x00000000   Code   RO         1771    .ARM.Collect$$libshutdown$$0000000B  c_w.l(libshutdown2.o)
    0x080001c0   0x00000000   Code   RO         1774    .ARM.Collect$$libshutdown$$0000000E  c_w.l(libshutdown2.o)
    0x080001c0   0x00000002   Code   RO         1775    .ARM.Collect$$libshutdown$$0000000F  c_w.l(libshutdown2.o)
    0x080001c2   0x00000000   Code   RO         1624    .ARM.Collect$$rtentry$$00000000  c_w.l(__rtentry.o)
    0x080001c2   0x00000000   Code   RO         1648    .ARM.Collect$$rtentry$$00000002  c_w.l(__rtentry2.o)
    0x080001c2   0x00000006   Code   RO         1660    .ARM.Collect$$rtentry$$00000004  c_w.l(__rtentry4.o)
    0x080001c8   0x00000000   Code   RO         1650    .ARM.Collect$$rtentry$$00000009  c_w.l(__rtentry2.o)
    0x080001c8   0x00000004   Code   RO         1651    .ARM.Collect$$rtentry$$0000000A  c_w.l(__rtentry2.o)
    0x080001cc   0x00000000   Code   RO         1653    .ARM.Collect$$rtentry$$0000000C  c_w.l(__rtentry2.o)
    0x080001cc   0x00000008   Code   RO         1654    .ARM.Collect$$rtentry$$0000000D  c_w.l(__rtentry2.o)
    0x080001d4   0x00000002   Code   RO         1688    .ARM.Collect$$rtexit$$00000000  c_w.l(rtexit.o)
    0x080001d6   0x00000000   Code   RO         1736    .ARM.Collect$$rtexit$$00000002  c_w.l(rtexit2.o)
    0x080001d6   0x00000004   Code   RO         1737    .ARM.Collect$$rtexit$$00000003  c_w.l(rtexit2.o)
    0x080001da   0x00000006   Code   RO         1738    .ARM.Collect$$rtexit$$00000004  c_w.l(rtexit2.o)
    0x080001e0   0x00000040   Code   RO          965    .text               startup_stm32f10x_hd.o
    0x08000220   0x00000002   Code   RO         1501    .text               c_w.l(use_no_semi_2.o)
    0x08000222   0x00000002   PAD
    0x08000224   0x00000018   Code   RO         1505    .text               c_w.l(noretval__2printf.o)
    0x0800023c   0x00000068   Code   RO         1507    .text               c_w.l(__printf.o)
    0x080002a4   0x00000052   Code   RO         1509    .text               c_w.l(_printf_str.o)
    0x080002f6   0x00000002   PAD
    0x080002f8   0x00000078   Code   RO         1511    .text               c_w.l(_printf_dec.o)
    0x08000370   0x00000058   Code   RO         1516    .text               c_w.l(_printf_hex_int.o)
    0x080003c8   0x00000080   Code   RO         1558    .text               c_w.l(strcmpv7m.o)
    0x08000448   0x00000006   Code   RO         1560    .text               c_w.l(heapauxi.o)
    0x0800044e   0x00000002   Code   RO         1622    .text               c_w.l(use_no_semi.o)
    0x08000450   0x00000016   Code   RO         1625    .text               c_w.l(_rserrno.o)
    0x08000466   0x000000b2   Code   RO         1627    .text               c_w.l(_printf_intcommon.o)
    0x08000518   0x0000002c   Code   RO         1629    .text               c_w.l(_printf_char.o)
    0x08000544   0x00000024   Code   RO         1631    .text               c_w.l(_printf_char_file.o)
    0x08000568   0x00000008   Code   RO         1665    .text               c_w.l(rt_errno_addr_intlibspace.o)
    0x08000570   0x00000030   Code   RO         1667    .text               c_w.l(_printf_char_common.o)
    0x080005a0   0x00000008   Code   RO         1669    .text               c_w.l(ferror.o)
    0x080005a8   0x00000008   Code   RO         1673    .text               c_w.l(libspace.o)
    0x080005b0   0x0000004a   Code   RO         1676    .text               c_w.l(sys_stackheap_outer.o)
    0x080005fa   0x0000000c   Code   RO         1680    .text               c_w.l(exit.o)
    0x08000606   0x00000008   Code   RO          515    i.AT24CXX_Init      24cxx.o
    0x0800060e   0x0000002c   Code   RO          517    i.AT24CXX_ReadLenByte  24cxx.o
    0x0800063a   0x00000058   Code   RO          518    i.AT24CXX_ReadOneByte  24cxx.o
    0x08000692   0x0000002a   Code   RO          520    i.AT24CXX_WriteLenByte  24cxx.o
    0x080006bc   0x00000050   Code   RO          521    i.AT24CXX_WriteOneByte  24cxx.o
    0x0800070c   0x00000004   Code   RO          105    i.BusFault_Handler  stm32f10x_it.o
    0x08000710   0x0000000a   Code   RO          568    i.CT_Delay          ctiic.o
    0x0800071a   0x00000002   PAD
    0x0800071c   0x0000004c   Code   RO          569    i.CT_IIC_Ack        ctiic.o
    0x08000768   0x00000048   Code   RO          570    i.CT_IIC_Init       ctiic.o
    0x080007b0   0x0000004c   Code   RO          571    i.CT_IIC_NAck       ctiic.o
    0x080007fc   0x00000068   Code   RO          572    i.CT_IIC_Read_Byte  ctiic.o
    0x08000864   0x0000005c   Code   RO          573    i.CT_IIC_Send_Byte  ctiic.o
    0x080008c0   0x00000048   Code   RO          574    i.CT_IIC_Start      ctiic.o
    0x08000908   0x00000048   Code   RO          575    i.CT_IIC_Stop       ctiic.o
    0x08000950   0x00000064   Code   RO          576    i.CT_IIC_Wait_Ack   ctiic.o
    0x080009b4   0x00000002   Code   RO          106    i.DebugMon_Handler  stm32f10x_it.o
    0x080009b6   0x00000002   PAD
    0x080009b8   0x000000f0   Code   RO          810    i.FT5206_Init       ft5206.o
    0x08000aa8   0x00000058   Code   RO          811    i.FT5206_RD_Reg     ft5206.o
    0x08000b00   0x0000019c   Code   RO          812    i.FT5206_Scan       ft5206.o
    0x08000c9c   0x00000052   Code   RO          813    i.FT5206_WR_Reg     ft5206.o
    0x08000cee   0x00000116   Code   RO          975    i.GPIO_Init         stm32f10x_gpio.o
    0x08000e04   0x00000090   Code   RO          977    i.GPIO_PinRemapConfig  stm32f10x_gpio.o
    0x08000e94   0x00000004   Code   RO          982    i.GPIO_ResetBits    stm32f10x_gpio.o
    0x08000e98   0x00000004   Code   RO          983    i.GPIO_SetBits      stm32f10x_gpio.o
    0x08000e9c   0x00000128   Code   RO          767    i.GT9147_Init       gt9147.o
    0x08000fc4   0x00000062   Code   RO          768    i.GT9147_RD_Reg     gt9147.o
    0x08001026   0x00000002   PAD
    0x08001028   0x000001a4   Code   RO          769    i.GT9147_Scan       gt9147.o
    0x080011cc   0x0000005c   Code   RO          770    i.GT9147_Send_Cfg   gt9147.o
    0x08001228   0x0000005c   Code   RO          771    i.GT9147_WR_Reg     gt9147.o
    0x08001284   0x00000198   Code   RO          940    i.GUI_draw          gui.o
    0x0800141c   0x00000004   Code   RO          107    i.HardFault_Handler  stm32f10x_it.o
    0x08001420   0x00000050   Code   RO          460    i.IIC_Ack           myiic.o
    0x08001470   0x00000040   Code   RO          461    i.IIC_Init          myiic.o
    0x080014b0   0x00000050   Code   RO          462    i.IIC_NAck          myiic.o
    0x08001500   0x00000070   Code   RO          463    i.IIC_Read_Byte     myiic.o
    0x08001570   0x00000068   Code   RO          464    i.IIC_Send_Byte     myiic.o
    0x080015d8   0x0000004c   Code   RO          465    i.IIC_Start         myiic.o
    0x08001624   0x0000004c   Code   RO          466    i.IIC_Stop          myiic.o
    0x08001670   0x00000064   Code   RO          467    i.IIC_Wait_Ack      myiic.o
    0x080016d4   0x00000030   Code   RO            1    i.Inits             main.o
    0x08001704   0x00000060   Code   RO          441    i.KEY_Init          key.o
    0x08001764   0x00000088   Code   RO          232    i.LCD_Clear         lcd.o
    0x080017ec   0x000001c0   Code   RO          236    i.LCD_Display_Dir   lcd.o
    0x080019ac   0x000000b0   Code   RO          237    i.LCD_DrawLine      lcd.o
    0x08001a5c   0x00000040   Code   RO          238    i.LCD_DrawPoint     lcd.o
    0x08001a9c   0x00000098   Code   RO          240    i.LCD_Draw_Circle   lcd.o
    0x08001b34   0x00000364   Code   RO          241    i.LCD_Fast_DrawPoint  lcd.o
    0x08001e98   0x00003bbc   Code   RO          243    i.LCD_Init          lcd.o
    0x08005a54   0x00000016   Code   RO          244    i.LCD_Pow           lcd.o
    0x08005a6a   0x00000002   PAD
    0x08005a6c   0x00000070   Code   RO          245    i.LCD_RD_DATA       lcd.o
    0x08005adc   0x00000010   Code   RO          247    i.LCD_ReadReg       lcd.o
    0x08005aec   0x000000d4   Code   RO          248    i.LCD_SSD_BackLightSet  lcd.o
    0x08005bc0   0x00000458   Code   RO          249    i.LCD_Scan_Dir      lcd.o
    0x08006018   0x000003bc   Code   RO          250    i.LCD_SetCursor     lcd.o
    0x080063d4   0x00000128   Code   RO          252    i.LCD_ShowChar      lcd.o
    0x080064fc   0x00000094   Code   RO          253    i.LCD_ShowNum       lcd.o
    0x08006590   0x00000066   Code   RO          254    i.LCD_ShowString    lcd.o
    0x080065f6   0x00000002   PAD
    0x080065f8   0x00000024   Code   RO          256    i.LCD_WR_DATAX      lcd.o
    0x0800661c   0x00000024   Code   RO          257    i.LCD_WR_REG        lcd.o
    0x08006640   0x00000010   Code   RO          259    i.LCD_WriteRAM_Prepare  lcd.o
    0x08006650   0x00000030   Code   RO          260    i.LCD_WriteReg      lcd.o
    0x08006680   0x00000050   Code   RO          219    i.LED_Init          led.o
    0x080066d0   0x00000004   Code   RO          108    i.MemManage_Handler  stm32f10x_it.o
    0x080066d4   0x00000020   Code   RO            2    i.Mouse_display     main.o
    0x080066f4   0x00000002   Code   RO          109    i.NMI_Handler       stm32f10x_it.o
    0x080066f6   0x00000002   PAD
    0x080066f8   0x00000070   Code   RO         1463    i.NVIC_Init         misc.o
    0x08006768   0x00000014   Code   RO         1464    i.NVIC_PriorityGroupConfig  misc.o
    0x0800677c   0x000000b4   Code   RO          631    i.OTT2001A_Init     ott2001a.o
    0x08006830   0x00000062   Code   RO          632    i.OTT2001A_RD_Reg   ott2001a.o
    0x08006892   0x00000002   PAD
    0x08006894   0x000001e0   Code   RO          633    i.OTT2001A_Scan     ott2001a.o
    0x08006a74   0x0000001c   Code   RO          634    i.OTT2001A_SensorControl  ott2001a.o
    0x08006a90   0x0000005c   Code   RO          635    i.OTT2001A_WR_Reg   ott2001a.o
    0x08006aec   0x00000002   Code   RO          110    i.PendSV_Handler    stm32f10x_it.o
    0x08006aee   0x00000002   PAD
    0x08006af0   0x00000020   Code   RO         1087    i.RCC_APB2PeriphClockCmd  stm32f10x_rcc.o
    0x08006b10   0x000000d4   Code   RO         1095    i.RCC_GetClocksFreq  stm32f10x_rcc.o
    0x08006be4   0x00000002   Code   RO          111    i.SVC_Handler       stm32f10x_it.o
    0x08006be6   0x00000008   Code   RO          185    i.SetSysClock       system_stm32f10x.o
    0x08006bee   0x00000002   PAD
    0x08006bf0   0x000000e0   Code   RO          186    i.SetSysClockTo72   system_stm32f10x.o
    0x08006cd0   0x00000028   Code   RO         1467    i.SysTick_CLKSourceConfig  misc.o
    0x08006cf8   0x00000002   Code   RO          112    i.SysTick_Handler   stm32f10x_it.o
    0x08006cfa   0x00000002   PAD
    0x08006cfc   0x00000060   Code   RO          188    i.SystemInit        system_stm32f10x.o
    0x08006d5c   0x000001a8   Code   RO          671    i.TP_Adj_Info_Show  touch.o
    0x08006f04   0x00000500   Code   RO          672    i.TP_Adjust         touch.o
    0x08007404   0x00000070   Code   RO          674    i.TP_Drow_Touch_Point  touch.o
    0x08007474   0x000000a8   Code   RO          675    i.TP_Get_Adjdata    touch.o
    0x0800751c   0x00000110   Code   RO          676    i.TP_Init           touch.o
    0x0800762c   0x00000088   Code   RO          677    i.TP_Read_AD        touch.o
    0x080076b4   0x00000078   Code   RO          678    i.TP_Read_XOY       touch.o
    0x0800772c   0x00000030   Code   RO          679    i.TP_Read_XY        touch.o
    0x0800775c   0x000000c0   Code   RO          680    i.TP_Read_XY2       touch.o
    0x0800781c   0x00000078   Code   RO          681    i.TP_Save_Adjdata   touch.o
    0x08007894   0x00000110   Code   RO          682    i.TP_Scan           touch.o
    0x080079a4   0x00000040   Code   RO          683    i.TP_Write_Byte     touch.o
    0x080079e4   0x00000088   Code   RO          899    i.USART1_IRQHandler  usart.o
    0x08007a6c   0x00000018   Code   RO         1287    i.USART_Cmd         stm32f10x_usart.o
    0x08007a84   0x00000054   Code   RO         1291    i.USART_GetITStatus  stm32f10x_usart.o
    0x08007ad8   0x0000004a   Code   RO         1293    i.USART_ITConfig    stm32f10x_usart.o
    0x08007b22   0x00000002   PAD
    0x08007b24   0x000000d8   Code   RO         1294    i.USART_Init        stm32f10x_usart.o
    0x08007bfc   0x0000000a   Code   RO         1301    i.USART_ReceiveData  stm32f10x_usart.o
    0x08007c06   0x00000004   Code   RO          113    i.UsageFault_Handler  stm32f10x_it.o
    0x08007c0a   0x00000006   Code   RO          900    i._sys_exit         usart.o
    0x08007c10   0x00000044   Code   RO          844    i.delay_init        delay.o
    0x08007c54   0x0000004c   Code   RO          845    i.delay_ms          delay.o
    0x08007ca0   0x0000004c   Code   RO          846    i.delay_us          delay.o
    0x08007cec   0x0000001c   Code   RO          901    i.fputc             usart.o
    0x08007d08   0x0000002c   Code   RO            3    i.main              main.o
    0x08007d34   0x0000004c   Code   RO         1615    i.sqrt              m_ws.l(sqrt.o)
    0x08007d80   0x000000a0   Code   RO          902    i.uart_init         usart.o
    0x08007e20   0x00000150   Code   RO         1564    x$fpl$dadd          fz_ws.l(daddsub_clz.o)
    0x08007f70   0x00000018   Code   RO         1634    x$fpl$dcmpinf       fz_ws.l(dcmpi.o)
    0x08007f88   0x0000005a   Code   RO         1570    x$fpl$dfixu         fz_ws.l(dfixu.o)
    0x08007fe2   0x0000002e   Code   RO         1575    x$fpl$dflt          fz_ws.l(dflt_clz.o)
    0x08008010   0x00000026   Code   RO         1574    x$fpl$dfltu         fz_ws.l(dflt_clz.o)
    0x08008036   0x00000002   PAD
    0x08008038   0x00000078   Code   RO         1580    x$fpl$dleqf         fz_ws.l(dleqf.o)
    0x080080b0   0x00000154   Code   RO         1582    x$fpl$dmul          fz_ws.l(dmul.o)
    0x08008204   0x0000009c   Code   RO         1636    x$fpl$dnaninf       fz_ws.l(dnaninf.o)
    0x080082a0   0x0000000c   Code   RO         1638    x$fpl$dretinf       fz_ws.l(dretinf.o)
    0x080082ac   0x0000006c   Code   RO         1584    x$fpl$drleqf        fz_ws.l(drleqf.o)
    0x08008318   0x00000016   Code   RO         1565    x$fpl$drsb          fz_ws.l(daddsub_clz.o)
    0x0800832e   0x00000002   PAD
    0x08008330   0x000001cc   Code   RO         1640    x$fpl$dsqrt         fz_ws.l(dsqrt_noumaal.o)
    0x080084fc   0x000001d4   Code   RO         1566    x$fpl$dsub          fz_ws.l(daddsub_clz.o)
    0x080086d0   0x00000056   Code   RO         1586    x$fpl$f2d           fz_ws.l(f2d.o)
    0x08008726   0x00000002   PAD
    0x08008728   0x000000c4   Code   RO         1588    x$fpl$fadd          fz_ws.l(faddsub_clz.o)
    0x080087ec   0x00000184   Code   RO         1595    x$fpl$fdiv          fz_ws.l(fdiv.o)
    0x08008970   0x00000036   Code   RO         1598    x$fpl$ffix          fz_ws.l(ffix.o)
    0x080089a6   0x00000002   PAD
    0x080089a8   0x0000003e   Code   RO         1602    x$fpl$ffixu         fz_ws.l(ffixu.o)
    0x080089e6   0x00000002   PAD
    0x080089e8   0x00000030   Code   RO         1607    x$fpl$fflt          fz_ws.l(fflt_clz.o)
    0x08008a18   0x00000026   Code   RO         1606    x$fpl$ffltu         fz_ws.l(fflt_clz.o)
    0x08008a3e   0x00000002   PAD
    0x08008a40   0x00000102   Code   RO         1612    x$fpl$fmul          fz_ws.l(fmul.o)
    0x08008b42   0x0000008c   Code   RO         1642    x$fpl$fnaninf       fz_ws.l(fnaninf.o)
    0x08008bce   0x0000000a   Code   RO         1644    x$fpl$fretinf       fz_ws.l(fretinf.o)
    0x08008bd8   0x000000ea   Code   RO         1590    x$fpl$fsub          fz_ws.l(faddsub_clz.o)
    0x08008cc2   0x00000000   Code   RO         1646    x$fpl$usenofp       fz_ws.l(usenofp.o)
    0x08008cc2   0x000017c0   Data   RO          263    .constdata          lcd.o
    0x0800a482   0x0000000a   Data   RO          636    .constdata          ott2001a.o
    0x0800a48c   0x0000000c   Data   RO          684    .constdata          touch.o
    0x0800a498   0x000000c2   Data   RO          772    .constdata          gt9147.o
    0x0800a55a   0x0000000a   Data   RO          814    .constdata          ft5206.o
    0x0800a564   0x00000028   Data   RO         1517    .constdata          c_w.l(_printf_hex_int.o)
    0x0800a58c   0x00000079   Data   RO          685    .conststring        touch.o
    0x0800a605   0x00000003   PAD
    0x0800a608   0x00000020   Data   RO         1807    Region$$Table       anon$$obj.o


    Execution Region RW_IRAM1 (Base: 0x20000000, Size: 0x000007b8, Max: 0x0000c000, ABSOLUTE)

    Base Addr    Size         Type   Attr      Idx    E Section Name        Object

    0x20000000   0x00000014   Data   RW          189    .data               system_stm32f10x.o
    0x20000014   0x00000004   Data   RW          264    .data               lcd.o
    0x20000018   0x00000001   Data   RW          637    .data               ott2001a.o
    0x20000019   0x00000003   PAD
    0x2000001c   0x0000003c   Data   RW          686    .data               touch.o
    0x20000058   0x00000001   Data   RW          773    .data               gt9147.o
    0x20000059   0x00000001   Data   RW          815    .data               ft5206.o
    0x2000005a   0x00000004   Data   RW          847    .data               delay.o
    0x2000005e   0x00000002   PAD
    0x20000060   0x00000006   Data   RW          904    .data               usart.o
    0x20000066   0x00000014   Data   RW         1115    .data               stm32f10x_rcc.o
    0x2000007a   0x00000002   PAD
    0x2000007c   0x0000000e   Zero   RW          262    .bss                lcd.o
    0x2000008a   0x000000c8   Zero   RW          903    .bss                usart.o
    0x20000152   0x00000002   PAD
    0x20000154   0x00000060   Zero   RW         1674    .bss                c_w.l(libspace.o)
    0x200001b4   0x00000004   PAD
    0x200001b8   0x00000200   Zero   RW          963    HEAP                startup_stm32f10x_hd.o
    0x200003b8   0x00000400   Zero   RW          962    STACK               startup_stm32f10x_hd.o


==============================================================================

Image component sizes


      Code (inc. data)   RO Data    RW Data    ZI Data      Debug   Object Name

       262          0          0          0          0       2833   24cxx.o
       674        100          0          0          0       4493   ctiic.o
       220         26          0          4          0       1619   delay.o
       822         38         10          1          0       3381   ft5206.o
       998         72        194          1          0       4094   gt9147.o
       408         86          0          0          0        491   gui.o
        96         14          0          0          0        495   key.o
     20248        252       6080          4         14      25405   lcd.o
        80          8          0          0          0        479   led.o
       124         14          0          0          0     233571   main.o
       172         22          0          0          0       1977   misc.o
       692        108          0          0          0       4046   myiic.o
       878         58         10          1          0       3875   ott2001a.o
        64         26        304          0       1536        784   startup_stm32f10x_hd.o
       430          6          0          0          0       3750   stm32f10x_gpio.o
        26          0          0          0          0       3522   stm32f10x_it.o
       244         26          0         20          0       3781   stm32f10x_rcc.o
       408          6          0          0          0       4830   stm32f10x_usart.o
         0          0          0          0          0         32   sys.o
       328         28          0         20          0       1985   system_stm32f10x.o
      3208        244        133         60          0       9739   touch.o
       330         26          0          6        200       4000   usart.o

    ----------------------------------------------------------------------
     30734       1160       6766        124       1752     319182   Object Totals
         0          0         32          0          0          0   (incl. Generated)
        22          0          3          7          2          0   (incl. Padding)

    ----------------------------------------------------------------------

      Code (inc. data)   RO Data    RW Data    ZI Data      Debug   Library Member Name

         8          0          0          0          0         68   __main.o
       104          0          0          0          0         84   __printf.o
         0          0          0          0          0          0   __rtentry.o
        12          0          0          0          0          0   __rtentry2.o
         6          0          0          0          0          0   __rtentry4.o
        52          8          0          0          0          0   __scatter.o
        26          0          0          0          0          0   __scatter_copy.o
        28          0          0          0          0          0   __scatter_zi.o
        44          0          0          0          0        108   _printf_char.o
        48          6          0          0          0         96   _printf_char_common.o
        36          4          0          0          0         80   _printf_char_file.o
         6          0          0          0          0          0   _printf_d.o
       120         16          0          0          0         92   _printf_dec.o
        88          4         40          0          0         88   _printf_hex_int.o
       178          0          0          0          0         88   _printf_intcommon.o
         0          0          0          0          0          0   _printf_percent.o
         4          0          0          0          0          0   _printf_percent_end.o
         6          0          0          0          0          0   _printf_s.o
        82          0          0          0          0         80   _printf_str.o
         6          0          0          0          0          0   _printf_x.o
        22          0          0          0          0        100   _rserrno.o
        12          0          0          0          0         72   exit.o
         8          0          0          0          0         68   ferror.o
         6          0          0          0          0        152   heapauxi.o
         2          0          0          0          0          0   libinit.o
         2          0          0          0          0          0   libinit2.o
         2          0          0          0          0          0   libshutdown.o
         2          0          0          0          0          0   libshutdown2.o
         8          4          0          0         96         68   libspace.o
        24          4          0          0          0         84   noretval__2printf.o
         8          4          0          0          0         68   rt_errno_addr_intlibspace.o
         2          0          0          0          0          0   rtexit.o
        10          0          0          0          0          0   rtexit2.o
       128          0          0          0          0         68   strcmpv7m.o
        74          0          0          0          0         80   sys_stackheap_outer.o
         2          0          0          0          0         68   use_no_semi.o
         2          0          0          0          0         68   use_no_semi_2.o
       826         16          0          0          0        348   daddsub_clz.o
        24          0          0          0          0         68   dcmpi.o
        90          4          0          0          0         92   dfixu.o
        84          0          0          0          0        136   dflt_clz.o
       120          4          0          0          0         92   dleqf.o
       340         12          0          0          0        104   dmul.o
       156          4          0          0          0         92   dnaninf.o
        12          0          0          0          0         68   dretinf.o
       108          0          0          0          0         80   drleqf.o
       460         56          0          0          0        120   dsqrt_noumaal.o
        86          4          0          0          0         84   f2d.o
       430          8          0          0          0        168   faddsub_clz.o
       388         76          0          0          0         96   fdiv.o
        54          4          0          0          0         84   ffix.o
        62          4          0          0          0         84   ffixu.o
        86          0          0          0          0        136   fflt_clz.o
       258          4          0          0          0         84   fmul.o
       140          4          0          0          0         84   fnaninf.o
        10          0          0          0          0         68   fretinf.o
         0          0          0          0          0          0   usenofp.o
        76          0          0          0          0         84   sqrt.o

    ----------------------------------------------------------------------
      4996        250         40          0        100       3852   Library Totals
        18          0          0          0          4          0   (incl. Padding)

    ----------------------------------------------------------------------

      Code (inc. data)   RO Data    RW Data    ZI Data      Debug   Library Name

      1168         50         40          0         96       1680   c_w.l
      3734        200          0          0          0       2088   fz_ws.l
        76          0          0          0          0         84   m_ws.l

    ----------------------------------------------------------------------
      4996        250         40          0        100       3852   Library Totals

    ----------------------------------------------------------------------

==============================================================================


      Code (inc. data)   RO Data    RW Data    ZI Data      Debug   

     35730       1410       6806        124       1852     315542   Grand Totals
     35730       1410       6806        124       1852     315542   ELF Image Totals
     35730       1410       6806        124          0          0   ROM Totals

==============================================================================

    Total RO  Size (Code + RO Data)                42536 (  41.54kB)
    Total RW  Size (RW Data + ZI Data)              1976 (   1.93kB)
    Total ROM Size (Code + RO Data + RW Data)      42660 (  41.66kB)

==============================================================================

